Microchip MPLAB XC8 Compiler V1.38 ()

Linker command line:

-W-3 --edf=C:\Program Files (x86)\Microchip\xc8\v1.38\dat\en_msgs.txt -cs \
  -h+dist/default/debug\LCR_Meter.X.debug.sym \
  --cmf=dist/default/debug\LCR_Meter.X.debug.cmf -z -Q18F25K22 \
  -oC:\Users\ahren\AppData\Local\Temp\sc78.2 \
  -Mdist/default/debug/LCR_Meter.X.debug.map -E1 -ver=XC8 \
  -ASTACK=0EDh-05ffh -pstack=STACK -ACODE=00h-07FFFh -ACONST=00h-07FFFh \
  -ASMALLCONST=0600h-06FFhx122 -AMEDIUMCONST=0600h-07FFFh -ACOMRAM=01h-05Fh \
  -AABS1=00h-05FFh -ABIGRAM=01h-05FFh -ARAM=060h-0FFh,0100h-01FFhx5 \
  -ABANK0=060h-0FFh -ABANK1=0100h-01FFh -ABANK2=0200h-02FFh \
  -ABANK3=0300h-03FFh -ABANK4=0400h-04FFh -ABANK5=0500h-05FFh \
  -ASFR=0F38h-0F5Fh,0F60h-0FFCh \
  -preset_vec=00h,intcode=08h,intcodelo,powerup,init,end_init \
  -pramtop=0600h -psmallconst=SMALLCONST -pmediumconst=MEDIUMCONST \
  -pconst=CONST -AFARRAM=00h-00h -ACONFIG=0300000h-030000Dh -pconfig=CONFIG \
  -AIDLOC=0200000h-0200007h -pidloc=IDLOC -AEEDATA=0F00000h-0F000FFh \
  -peeprom_data=EEDATA \
  -prdata=COMRAM,nvrram=COMRAM,nvbit=COMRAM,rbss=COMRAM,rbit=COMRAM \
  -pfarbss=FARRAM,fardata=FARRAM,nvFARRAM=FARRAM \
  -pintsave_regs=BIGRAM,bigbss=BIGRAM,bigdata=BIGRAM -pbss=RAM \
  -pidata=CODE,irdata=CODE,ibigdata=CODE,ifardata=CODE -prparam=COMRAM \
  C:\Users\ahren\AppData\Local\Temp\sc78.obj \
  dist/default/debug\LCR_Meter.X.debug.obj 

Object code version is 3.11

Machine type is 18F25K22

Call graph: (short form)




                Name                               Link     Load   Length Selector   Space Scale
C:\Users\ahren\AppData\Local\Temp\sc78.obj
                end_init                             94       94        4        4       0
                reset_vec                             0        0        6        0       0
                idloc                            200000   200000        8   200000       0
                config                           300000   300000        E   300000       0
dist/default/debug\LCR_Meter.X.debug.obj
                intcode                               8        8       8C        4       0
                temp                                 56       56        1        1       1
                smallconst                          600      600       BE      300       0
                text49                             31C2     31C2       42      35F       0
                text48                             3446     3446        A      35F       0
                text47                             3460     3460        4      35F       0
                text46                             2DC4     2DC4       AE      35F       0
                text45                             338E     338E       24      35F       0
                text44                             345C     345C        4      35F       0
                text43                             1E76     1E76      1AC      35F       0
                text42                             2A9C     2A9C       E6      35F       0
                text41                             29A8     29A8       F4      35F       0
                text40                             1C34     1C34      242      35F       0
                text39                             33B2     33B2       1C      35F       0
                text38                             330E     330E       30      35F       0
                text36                             3400     3400       16      35F       0
                text35                             343C     343C        A      35F       0
                text34                             33E8     33E8       18      35F       0
                text33                             3458     3458        4      35F       0
                text32                             3424     3424        E      35F       0
                text31                             32DE     32DE       30      35F       0
                text30                             3432     3432        A      35F       0
                text29                             3454     3454        4      35F       0
                text28                             317E     317E       44      35F       0
                text27                             33CE     33CE       1A      35F       0
                text26                             289C     289C      10C      35F       0
                text25                             260C     260C      14C      35F       0
                text24                             3278     3278       36      35F       0
                text23                             3368     3368       26      35F       0
                text22                             3416     3416        E      35F       0
                text21                             302A     302A       7A      35F       0
                text20                             3138     3138       46      35F       0
                text19                             30F0     30F0       48      35F       0
                text18                             2B82     2B82       C8      35F       0
                text17                             32AE     32AE       30      35F       0
                text16                             19CC     19CC      268      35F       0
                text15                             30A4     30A4       4C      35F       0
                text14                             2758     2758      144      35F       0
                text13                             2D08     2D08       BC      35F       0
                text12                             2F14     2F14       9A      35F       0
                text11                             2FAE     2FAE       7C      35F       0
                text10                             21C0     21C0      188      35F       0
                text9                              2022     2022      19E      35F       0
                text8                              2C4A     2C4A       BE      35F       0
                text7                              2E72     2E72       A2      35F       0
                text6                              24AE     24AE      15E      35F       0
                text5                              3242     3242       36      35F       0
                text4                              1720     1720      2AC      35F       0
                text3                              333E     333E       2A      35F       0
                text2                              1272     1272      4AE      35F       0
                text1                               6BE      6BE      BB4      35F       0
                text0                              2348     2348      166      35F       0
                cstackCOMRAM                          1        1       4D        1       1
                cstackBANK0                          60       60       75       60       1
                bssBANK0                             D5       D5       14       60       1
                dataCOMRAM                           4E       4E        4        1       1
                bssCOMRAM                            54       54        2        1       1
                cinit                              3204     3204       3E      35F       0
                nvBANK0                              E9       E9        4       60       1
                nvCOMRAM                             52       52        2        1       1
                idataCOMRAM                        3450     3450        4      35F       0

TOTAL           Name                               Link     Load   Length     Space
        CLASS   STACK          

        CLASS   CODE           
                end_init                             94       94        4         0
                intcode                               8        8       8C         0
                reset_vec                             0        0        6         0
                text49                             31C2     31C2       42         0
                text48                             3446     3446        A         0
                text47                             3460     3460        4         0
                text46                             2DC4     2DC4       AE         0
                text45                             338E     338E       24         0
                text44                             345C     345C        4         0
                text43                             1E76     1E76      1AC         0
                text42                             2A9C     2A9C       E6         0
                text41                             29A8     29A8       F4         0
                text40                             1C34     1C34      242         0
                text39                             33B2     33B2       1C         0
                text38                             330E     330E       30         0
                text36                             3400     3400       16         0
                text35                             343C     343C        A         0
                text34                             33E8     33E8       18         0
                text33                             3458     3458        4         0
                text32                             3424     3424        E         0
                text31                             32DE     32DE       30         0
                text30                             3432     3432        A         0
                text29                             3454     3454        4         0
                text28                             317E     317E       44         0
                text27                             33CE     33CE       1A         0
                text26                             289C     289C      10C         0
                text25                             260C     260C      14C         0
                text24                             3278     3278       36         0
                text23                             3368     3368       26         0
                text22                             3416     3416        E         0
                text21                             302A     302A       7A         0
                text20                             3138     3138       46         0
                text19                             30F0     30F0       48         0
                text18                             2B82     2B82       C8         0
                text17                             32AE     32AE       30         0
                text16                             19CC     19CC      268         0
                text15                             30A4     30A4       4C         0
                text14                             2758     2758      144         0
                text13                             2D08     2D08       BC         0
                text12                             2F14     2F14       9A         0
                text11                             2FAE     2FAE       7C         0
                text10                             21C0     21C0      188         0
                text9                              2022     2022      19E         0
                text8                              2C4A     2C4A       BE         0
                text7                              2E72     2E72       A2         0
                text6                              24AE     24AE      15E         0
                text5                              3242     3242       36         0
                text4                              1720     1720      2AC         0
                text3                              333E     333E       2A         0
                text2                              1272     1272      4AE         0
                text1                               6BE      6BE      BB4         0
                text0                              2348     2348      166         0
                cinit                              3204     3204       3E         0
                idataCOMRAM                        3450     3450        4         0

        CLASS   CONST          

        CLASS   SMALLCONST     
                smallconst                          600      600       BE         0

        CLASS   MEDIUMCONST    

        CLASS   COMRAM         
                temp                                 56       56        1         1
                cstackCOMRAM                          1        1       4D         1
                dataCOMRAM                           4E       4E        4         1
                bssCOMRAM                            54       54        2         1
                nvCOMRAM                             52       52        2         1

        CLASS   ABS1           

        CLASS   BIGRAM         

        CLASS   RAM            

        CLASS   BANK0          
                cstackBANK0                          60       60       75         1
                bssBANK0                             D5       D5       14         1
                nvBANK0                              E9       E9        4         1

        CLASS   BANK1          

        CLASS   BANK2          

        CLASS   BANK3          

        CLASS   BANK4          

        CLASS   BANK5          

        CLASS   SFR            

        CLASS   FARRAM         

        CLASS   CONFIG         
                config                           300000   300000        E         0

        CLASS   IDLOC          
                idloc                            200000   200000        8         0

        CLASS   EEDATA         



SEGMENTS        Name                           Load    Length   Top    Selector   Space  Class

                reset_vec                      000000  000006  000006         0       0  CODE    
                cstackCOMRAM                   000001  000056  000057         1       1  COMRAM  
                intcode                        000008  000090  000098         4       0  CODE    
                cstackBANK0                    000060  00008D  0000ED        60       1  BANK0   
                smallconst                     000600  0000BE  0006BE       300       0  SMALLCON
                text1                          0006BE  002DA6  003464       35F       0  CODE    
                idloc                          200000  000008  200008    200000       0  IDLOC   
                config                         300000  00000E  30000E    300000       0  CONFIG  


UNUSED ADDRESS RANGES

        Name                Unused          Largest block    Delta
        BANK0            0000ED-0000FF               13
        BANK1            000100-0001FF              100
        BANK2            000200-0002FF              100
        BANK3            000300-0003FF              100
        BANK4            000400-0004FF              100
        BANK5            000500-0005FF              100
        BIGRAM           000057-00005F                9
                         0000ED-0005FF              513
        CODE             000006-000007                2
                         000098-0005FF              568
                         003464-007FFF             4B9C
        COMRAM           000057-00005F                9
        CONST            000006-000007                2
                         000098-0005FF              568
                         003464-007FFF             4B9C
        EEDATA           F00000-F000FF              100
        MEDIUMCONST      003464-007FFF             4B9C
        RAM              0000ED-0005FF              100
        SFR              000F38-000FFC               28
        SMALLCONST       003464-007FFF              100
        STACK            0000ED-0005FF              513

                                  Symbol Table

?_TMR0_ReadTimer                          cstackCOMRAM 000001
?___awdiv                                 cstackBANK0  000066
?___awmod                                 cstackBANK0  000060
?___ftadd                                 cstackBANK0  00008D
?___ftdiv                                 cstackBANK0  000068
?___ftmul                                 cstackBANK0  000074
?___ftneg                                 cstackBANK0  000060
?___ftpack                                cstackBANK0  000060
?___ftsub                                 cstackBANK0  000099
?___fttol                                 cstackBANK0  00008A
?___lldiv                                 cstackBANK0  000060
?___llmod                                 cstackBANK0  00006D
?___lltoft                                cstackBANK0  000068
?___lwtoft                                cstackCOMRAM 000009
?___wmul                                  cstackBANK0  00006E
?__div_to_l_                              cstackBANK0  000060
?__tdiv_to_l_                             cstackBANK0  000060
?_fround                                  cstackBANK0  000083
?_scale                                   cstackBANK0  000083
?_sprintf                                 cstackBANK0  00009F
?i2___ftadd                               cstackCOMRAM 00000C
?i2___ftdiv                               cstackCOMRAM 000027
?i2___ftmul                               cstackCOMRAM 000018
?i2___ftpack                              cstackCOMRAM 000001
INT0_SetInterruptHandler@InterruptHandler cstackBANK0  000060
TMR0_ReadTimer@readVal                    cstackCOMRAM 000007
TMR0_ReadTimer@readValHigh                cstackCOMRAM 00000A
TMR0_ReadTimer@readValLow                 cstackCOMRAM 000009
TMR0_SetInterruptHandler@InterruptHandler cstackBANK0  000060
_ANSELA                                   (abs)        000F38
_ANSELB                                   (abs)        000F39
_ANSELC                                   (abs)        000F3A
_BAUDCON1                                 (abs)        000FB8
_EUSART1_Initialize                       text36       003400
_EXT_INT_Initialize                       text34       0033E8
_INT0_DefaultInterruptHandler             (abs)        000000
_INT0_ISR                                 text40       001C34
_INT0_InterruptHandler                    nvBANK0      0000E9
_INT0_SetInterruptHandler                 text35       00343C
_INTCON2bits                              (abs)        000FF1
_INTCONbits                               (abs)        000FF2
_INTERRUPT_Initialize                     text33       003458
_INTERRUPT_InterruptManager               intcode      000008
_LATA                                     (abs)        000F89
_LATAbits                                 (abs)        000F89
_LATB                                     (abs)        000F8A
_LATBbits                                 (abs)        000F8A
_LATC                                     (abs)        000F8B
_OSCCON                                   (abs)        000FD3
_OSCCON2                                  (abs)        000FD2
_OSCILLATOR_Initialize                    text32       003424
_OSCTUNE                                  (abs)        000F9B
_PIN_MANAGER_Initialize                   text31       0032DE
_PIR1bits                                 (abs)        000F9E
_R1_BIT                                   smallconst   000686
_RCONbits                                 (abs)        000FD0
_RCREG1                                   (abs)        000FAE
_RCSTA1                                   (abs)        000FAB
_RCSTA1bits                               (abs)        000FAB
_RSET_BIT                                 smallconst   00068B
_SPBRG1                                   (abs)        000FAF
_SPBRGH1                                  (abs)        000FB0
_SYSTEM_Initialize                        text27       0033CE
_T0CON                                    (abs)        000FD5
_T0CONbits                                (abs)        000FD5
_TMR0H                                    (abs)        000FD7
_TMR0L                                    (abs)        000FD6
_TMR0_DefaultInterruptHandler             text39       0033B2
_TMR0_ISR                                 text38       00330E
_TMR0_Initialize                          text28       00317E
_TMR0_InterruptHandler                    nvBANK0      0000EB
_TMR0_ReadTimer                           text49       0031C2
_TMR0_Reload                              text48       003446
_TMR0_SetInterruptHandler                 text30       003432
_TMR0_StartTimer                          text29       003454
_TMR0_StopTimer                           text47       003460
_TRISA                                    (abs)        000F92
_TRISB                                    (abs)        000F93
_TRISC                                    (abs)        000F94
_TXREG1                                   (abs)        000FAD
_TXSTA1                                   (abs)        000FAC
_WPUB                                     (abs)        000F61
__CFG_BOREN$SBORDIS                       (abs)        000000
__CFG_BORV$190                            (abs)        000000
__CFG_CCP2MX$PORTC1                       (abs)        000000
__CFG_CCP3MX$PORTB5                       (abs)        000000
__CFG_CP0$OFF                             (abs)        000000
__CFG_CP1$OFF                             (abs)        000000
__CFG_CP2$OFF                             (abs)        000000
__CFG_CP3$OFF                             (abs)        000000
__CFG_CPB$OFF                             (abs)        000000
__CFG_CPD$OFF                             (abs)        000000
__CFG_DEBUG$OFF                           (abs)        000000
__CFG_EBTR0$OFF                           (abs)        000000
__CFG_EBTR1$OFF                           (abs)        000000
__CFG_EBTR2$OFF                           (abs)        000000
__CFG_EBTR3$OFF                           (abs)        000000
__CFG_EBTRB$OFF                           (abs)        000000
__CFG_FCMEN$OFF                           (abs)        000000
__CFG_FOSC$HSMP                           (abs)        000000
__CFG_HFOFST$ON                           (abs)        000000
__CFG_IESO$OFF                            (abs)        000000
__CFG_LVP$ON                              (abs)        000000
__CFG_MCLRE$EXTMCLR                       (abs)        000000
__CFG_P2BMX$PORTB5                        (abs)        000000
__CFG_PBADEN$ON                           (abs)        000000
__CFG_PLLCFG$OFF                          (abs)        000000
__CFG_PRICLKEN$ON                         (abs)        000000
__CFG_PWRTEN$OFF                          (abs)        000000
__CFG_STVREN$ON                           (abs)        000000
__CFG_T3CMX$PORTC0                        (abs)        000000
__CFG_WDTEN$OFF                           (abs)        000000
__CFG_WDTPS$32768                         (abs)        000000
__CFG_WRT0$OFF                            (abs)        000000
__CFG_WRT1$OFF                            (abs)        000000
__CFG_WRT2$OFF                            (abs)        000000
__CFG_WRT3$OFF                            (abs)        000000
__CFG_WRTB$OFF                            (abs)        000000
__CFG_WRTC$OFF                            (abs)        000000
__CFG_WRTD$OFF                            (abs)        000000
__CFG_XINST$OFF                           (abs)        000000
__HRAM                                    (abs)        000000
__Habs1                                   abs1         000000
__Hbank0                                  bank0        000000
__Hbank1                                  bank1        000000
__Hbank2                                  bank2        000000
__Hbank3                                  bank3        000000
__Hbank4                                  bank4        000000
__Hbank5                                  bank5        000000
__Hbigbss                                 bigbss       000000
__Hbigdata                                bigdata      000000
__Hbigram                                 bigram       000000
__Hbss                                    bss          000000
__HbssBANK0                               bssBANK0     000000
__HbssCOMRAM                              bssCOMRAM    000000
__Hcinit                                  cinit        000000
__Hclrtext                                clrtext      000000
__Hcomram                                 comram       000000
__Hconfig                                 config       30000E
__Hconst                                  const        000000
__HcstackBANK0                            cstackBANK0  000000
__HcstackCOMRAM                           cstackCOMRAM 000000
__Hdata                                   data         000000
__HdataCOMRAM                             dataCOMRAM   000000
__Heeprom_data                            eeprom_data  000000
__Hend_init                               end_init     000098
__Hfarbss                                 farbss       000000
__Hfardata                                fardata      000000
__Hibigdata                               ibigdata     000000
__Hidata                                  idata        000000
__HidataCOMRAM                            idataCOMRAM  000000
__Hidloc                                  idloc        200008
__Hifardata                               ifardata     000000
__Hinit                                   init         000094
__Hintcode                                intcode      000094
__Hintcode_body                           intcode_body 000000
__Hintcodelo                              intcodelo    000094
__Hintentry                               intentry     000000
__Hintret                                 intret       000000
__Hintsave_regs                           intsave_regs 000000
__Hirdata                                 irdata       000000
__Hmediumconst                            mediumconst  000000
__HnvBANK0                                nvBANK0      000000
__HnvCOMRAM                               nvCOMRAM     000000
__HnvFARRAM                               nvFARRAM     000000
__Hnvbit                                  nvbit        000000
__Hnvrram                                 nvrram       000000
__Hparam                                  rparam       000000
__Hpowerup                                powerup      000094
__Hram                                    ram          000000
__Hramtop                                 ramtop       000600
__Hrbit                                   rbit         000000
__Hrbss                                   rbss         000000
__Hrdata                                  rdata        000000
__Hreset_vec                              reset_vec    000006
__Hrparam                                 rparam       000000
__Hsfr                                    sfr          000000
__Hsmallconst                             smallconst   0006BE
__Hspace_0                                (abs)        30000E
__Hspace_1                                (abs)        0000ED
__Hspace_2                                (abs)        000000
__Hstack                                  stack        000000
__Hstruct                                 struct       000000
__Htemp                                   temp         000057
__Htext                                   text         000000
__Htext0                                  text0        000000
__Htext1                                  text1        000000
__Htext10                                 text10       000000
__Htext11                                 text11       000000
__Htext12                                 text12       000000
__Htext13                                 text13       000000
__Htext14                                 text14       000000
__Htext15                                 text15       000000
__Htext16                                 text16       000000
__Htext17                                 text17       000000
__Htext18                                 text18       000000
__Htext19                                 text19       000000
__Htext2                                  text2        000000
__Htext20                                 text20       000000
__Htext21                                 text21       000000
__Htext22                                 text22       000000
__Htext23                                 text23       000000
__Htext24                                 text24       000000
__Htext25                                 text25       000000
__Htext26                                 text26       000000
__Htext27                                 text27       000000
__Htext28                                 text28       000000
__Htext29                                 text29       000000
__Htext3                                  text3        000000
__Htext30                                 text30       000000
__Htext31                                 text31       000000
__Htext32                                 text32       000000
__Htext33                                 text33       000000
__Htext34                                 text34       000000
__Htext35                                 text35       000000
__Htext36                                 text36       000000
__Htext38                                 text38       000000
__Htext39                                 text39       000000
__Htext4                                  text4        000000
__Htext40                                 text40       000000
__Htext41                                 text41       000000
__Htext42                                 text42       000000
__Htext43                                 text43       000000
__Htext44                                 text44       000000
__Htext45                                 text45       000000
__Htext46                                 text46       000000
__Htext47                                 text47       000000
__Htext48                                 text48       000000
__Htext49                                 text49       000000
__Htext5                                  text5        000000
__Htext50                                 text50       000000
__Htext6                                  text6        000000
__Htext7                                  text7        000000
__Htext8                                  text8        000000
__Htext9                                  text9        000000
__LRAM                                    (abs)        000001
__Labs1                                   abs1         000000
__Lbank0                                  bank0        000000
__Lbank1                                  bank1        000000
__Lbank2                                  bank2        000000
__Lbank3                                  bank3        000000
__Lbank4                                  bank4        000000
__Lbank5                                  bank5        000000
__Lbigbss                                 bigbss       000000
__Lbigdata                                bigdata      000000
__Lbigram                                 bigram       000000
__Lbss                                    bss          000000
__LbssBANK0                               bssBANK0     000000
__LbssCOMRAM                              bssCOMRAM    000000
__Lcinit                                  cinit        000000
__Lclrtext                                clrtext      000000
__Lcomram                                 comram       000000
__Lconfig                                 config       300000
__Lconst                                  const        000000
__LcstackBANK0                            cstackBANK0  000000
__LcstackCOMRAM                           cstackCOMRAM 000000
__Ldata                                   data         000000
__LdataCOMRAM                             dataCOMRAM   000000
__Leeprom_data                            eeprom_data  000000
__Lend_init                               end_init     000094
__Lfarbss                                 farbss       000000
__Lfardata                                fardata      000000
__Libigdata                               ibigdata     000000
__Lidata                                  idata        000000
__LidataCOMRAM                            idataCOMRAM  000000
__Lidloc                                  idloc        200000
__Lifardata                               ifardata     000000
__Linit                                   init         000094
__Lintcode                                intcode      000008
__Lintcode_body                           intcode_body 000000
__Lintcodelo                              intcodelo    000094
__Lintentry                               intentry     000000
__Lintret                                 intret       000000
__Lintsave_regs                           intsave_regs 000000
__Lirdata                                 irdata       000000
__Lmediumconst                            mediumconst  000000
__LnvBANK0                                nvBANK0      000000
__LnvCOMRAM                               nvCOMRAM     000000
__LnvFARRAM                               nvFARRAM     000000
__Lnvbit                                  nvbit        000000
__Lnvrram                                 nvrram       000000
__Lparam                                  rparam       000000
__Lpowerup                                powerup      000094
__Lram                                    ram          000000
__Lramtop                                 ramtop       000600
__Lrbit                                   rbit         000000
__Lrbss                                   rbss         000000
__Lrdata                                  rdata        000000
__Lreset_vec                              reset_vec    000000
__Lrparam                                 rparam       000000
__Lsfr                                    sfr          000000
__Lsmallconst                             smallconst   000600
__Lspace_0                                (abs)        000000
__Lspace_1                                (abs)        000000
__Lspace_2                                (abs)        000000
__Lstack                                  stack        000000
__Lstruct                                 struct       000000
__Ltemp                                   temp         000056
__Ltext                                   text         000000
__Ltext0                                  text0        000000
__Ltext1                                  text1        000000
__Ltext10                                 text10       000000
__Ltext11                                 text11       000000
__Ltext12                                 text12       000000
__Ltext13                                 text13       000000
__Ltext14                                 text14       000000
__Ltext15                                 text15       000000
__Ltext16                                 text16       000000
__Ltext17                                 text17       000000
__Ltext18                                 text18       000000
__Ltext19                                 text19       000000
__Ltext2                                  text2        000000
__Ltext20                                 text20       000000
__Ltext21                                 text21       000000
__Ltext22                                 text22       000000
__Ltext23                                 text23       000000
__Ltext24                                 text24       000000
__Ltext25                                 text25       000000
__Ltext26                                 text26       000000
__Ltext27                                 text27       000000
__Ltext28                                 text28       000000
__Ltext29                                 text29       000000
__Ltext3                                  text3        000000
__Ltext30                                 text30       000000
__Ltext31                                 text31       000000
__Ltext32                                 text32       000000
__Ltext33                                 text33       000000
__Ltext34                                 text34       000000
__Ltext35                                 text35       000000
__Ltext36                                 text36       000000
__Ltext38                                 text38       000000
__Ltext39                                 text39       000000
__Ltext4                                  text4        000000
__Ltext40                                 text40       000000
__Ltext41                                 text41       000000
__Ltext42                                 text42       000000
__Ltext43                                 text43       000000
__Ltext44                                 text44       000000
__Ltext45                                 text45       000000
__Ltext46                                 text46       000000
__Ltext47                                 text47       000000
__Ltext48                                 text48       000000
__Ltext49                                 text49       000000
__Ltext5                                  text5        000000
__Ltext50                                 text50       000000
__Ltext6                                  text6        000000
__Ltext7                                  text7        000000
__Ltext8                                  text8        000000
__Ltext9                                  text9        000000
__S0                                      (abs)        30000E
__S1                                      (abs)        0000ED
__S2                                      (abs)        000000
___awdiv                                  text8        002C4A
___awdiv@counter                          cstackBANK0  00006A
___awdiv@dividend                         cstackBANK0  000066
___awdiv@divisor                          cstackBANK0  000068
___awdiv@quotient                         cstackBANK0  00006C
___awdiv@sign                             cstackBANK0  00006B
___awmod                                  text7        002E72
___awmod@counter                          cstackBANK0  000064
___awmod@dividend                         cstackBANK0  000060
___awmod@divisor                          cstackBANK0  000062
___awmod@sign                             cstackBANK0  000065
___ftadd                                  text16       0019CC
___ftadd@exp1                             cstackBANK0  000098
___ftadd@exp2                             cstackBANK0  000097
___ftadd@f1                               cstackBANK0  00008D
___ftadd@f2                               cstackBANK0  000090
___ftadd@sign                             cstackBANK0  000096
___ftdiv                                  text25       00260C
___ftdiv@cntr                             cstackBANK0  000071
___ftdiv@exp                              cstackBANK0  000075
___ftdiv@f1                               cstackBANK0  000068
___ftdiv@f2                               cstackBANK0  00006B
___ftdiv@f3                               cstackBANK0  000072
___ftdiv@sign                             cstackBANK0  000076
___ftge                                   text18       002B82
___ftge@ff1                               cstackBANK0  000060
___ftge@ff2                               cstackBANK0  000063
___ftmul                                  text6        0024AE
___ftmul@cntr                             cstackBANK0  000081
___ftmul@exp                              cstackBANK0  00007D
___ftmul@f1                               cstackBANK0  000074
___ftmul@f2                               cstackBANK0  000077
___ftmul@f3_as_product                    cstackBANK0  00007E
___ftmul@sign                             cstackBANK0  000082
___ftneg                                  text17       0032AE
___ftneg@f1                               cstackBANK0  000060
___ftpack                                 text26       00289C
___ftpack@arg                             cstackBANK0  000060
___ftpack@exp                             cstackBANK0  000063
___ftpack@sign                            cstackBANK0  000064
___ftsub                                  text15       0030A4
___ftsub@f1                               cstackBANK0  000099
___ftsub@f2                               cstackBANK0  00009C
___fttol                                  text14       002758
___fttol@exp1                             cstackBANK0  000098
___fttol@f1                               cstackBANK0  00008A
___fttol@lval                             cstackBANK0  000094
___fttol@sign1                            cstackBANK0  000093
___inthi_sp                               stack        000000
___intlo_sp                               stack        000000
___lldiv                                  text13       002D08
___lldiv@counter                          cstackBANK0  00006C
___lldiv@dividend                         cstackBANK0  000060
___lldiv@divisor                          cstackBANK0  000064
___lldiv@quotient                         cstackBANK0  000068
___llmod                                  text12       002F14
___llmod@counter                          cstackBANK0  000075
___llmod@dividend                         cstackBANK0  00006D
___llmod@divisor                          cstackBANK0  000071
___lltoft                                 text11       002FAE
___lltoft@c                               cstackBANK0  000068
___lltoft@exp                             cstackBANK0  000070
___lwtoft                                 text45       00338E
___lwtoft@c                               cstackCOMRAM 000009
___param_bank                             (abs)        000010
___rparam_used                            (abs)        000001
___sp                                     stack        000000
___wmul                                   text5        003242
___wmul@multiplicand                      cstackBANK0  000070
___wmul@multiplier                        cstackBANK0  00006E
___wmul@product                           cstackBANK0  000072
__accesstop                               (abs)        000060
__activetblptr                            (abs)        000002
__div_to_l_                               text10       0021C0
__div_to_l_@cntr                          cstackBANK0  00006A
__div_to_l_@exp1                          cstackBANK0  00006B
__div_to_l_@f1                            cstackBANK0  000060
__div_to_l_@f2                            cstackBANK0  000063
__div_to_l_@quot                          cstackBANK0  000066
__end_of_EUSART1_Initialize               text36       003416
__end_of_EXT_INT_Initialize               text34       003400
__end_of_INT0_ISR                         text40       001E76
__end_of_INT0_SetInterruptHandler         text35       003446
__end_of_INTERRUPT_Initialize             text33       00345C
__end_of_INTERRUPT_InterruptManager       intcode      000094
__end_of_OSCILLATOR_Initialize            text32       003432
__end_of_PIN_MANAGER_Initialize           text31       00330E
__end_of_R1_BIT                           smallconst   00068B
__end_of_RSET_BIT                         smallconst   000690
__end_of_SYSTEM_Initialize                text27       0033E8
__end_of_TMR0_DefaultInterruptHandler     text39       0033CE
__end_of_TMR0_ISR                         text38       00333E
__end_of_TMR0_Initialize                  text28       0031C2
__end_of_TMR0_ReadTimer                   text49       003204
__end_of_TMR0_Reload                      text48       003450
__end_of_TMR0_SetInterruptHandler         text30       00343C
__end_of_TMR0_StartTimer                  text29       003458
__end_of_TMR0_StopTimer                   text47       003464
__end_of___awdiv                          text8        002D08
__end_of___awmod                          text7        002F14
__end_of___ftadd                          text16       001C34
__end_of___ftdiv                          text25       002758
__end_of___ftge                           text18       002C4A
__end_of___ftmul                          text6        00260C
__end_of___ftneg                          text17       0032DE
__end_of___ftpack                         text26       0029A8
__end_of___ftsub                          text15       0030F0
__end_of___fttol                          text14       00289C
__end_of___lldiv                          text13       002DC4
__end_of___llmod                          text12       002FAE
__end_of___lltoft                         text11       00302A
__end_of___lwtoft                         text45       0033B2
__end_of___wmul                           text5        003278
__end_of__div_to_l_                       text10       002348
__end_of__initialization                  cinit        003234
__end_of__lcd_Port                        text24       0032AE
__end_of__npowers_                        smallconst   000650
__end_of__powers_                         smallconst   000677
__end_of__tdiv_to_l_                      text9        0021C0
__end_of_cal_current                      smallconst   000686
__end_of_dpowers                          smallconst   000629
__end_of_fround                           text4        0019CC
__end_of_isdigit                          text3        003368
__end_of_lcd_clear                        text22       003424
__end_of_lcd_init                         text21       0030A4
__end_of_lcd_sendChar                     text20       00317E
__end_of_lcd_sendCommand                  text23       00338E
__end_of_lcd_sendString                   text19       003138
__end_of_main                             text0        0024AE
__end_of_scale                            text2        001720
__end_of_sprintf                          text1        001272
__end_ofi2_TMR0_StartTimer                text44       003460
__end_ofi2___ftadd                        text43       002022
__end_ofi2___ftdiv                        text42       002B82
__end_ofi2___ftmul                        text41       002A9C
__end_ofi2___ftpack                       text46       002E72
__initialization                          cinit        003204
__lcd_Port                                text24       003278
__lcd_Port@a                              cstackBANK0  000060
__mediumconst                             mediumconst  000000
__npowers_                                smallconst   000629
__pbssBANK0                               bssBANK0     0000D5
__pbssCOMRAM                              bssCOMRAM    000054
__pcinit                                  cinit        003204
__pcstackBANK0                            cstackBANK0  000060
__pcstackCOMRAM                           cstackCOMRAM 000001
__pdataCOMRAM                             dataCOMRAM   00004E
__pidataCOMRAM                            idataCOMRAM  003450
__pintcode                                intcode      000008
__pnvBANK0                                nvBANK0      0000E9
__pnvCOMRAM                               nvCOMRAM     000052
__powers_                                 smallconst   000650
__psmallconst                             smallconst   000600
__ptext0                                  text0        002348
__ptext1                                  text1        0006BE
__ptext10                                 text10       0021C0
__ptext11                                 text11       002FAE
__ptext12                                 text12       002F14
__ptext13                                 text13       002D08
__ptext14                                 text14       002758
__ptext15                                 text15       0030A4
__ptext16                                 text16       0019CC
__ptext17                                 text17       0032AE
__ptext18                                 text18       002B82
__ptext19                                 text19       0030F0
__ptext2                                  text2        001272
__ptext20                                 text20       003138
__ptext21                                 text21       00302A
__ptext22                                 text22       003416
__ptext23                                 text23       003368
__ptext24                                 text24       003278
__ptext25                                 text25       00260C
__ptext26                                 text26       00289C
__ptext27                                 text27       0033CE
__ptext28                                 text28       00317E
__ptext29                                 text29       003454
__ptext3                                  text3        00333E
__ptext30                                 text30       003432
__ptext31                                 text31       0032DE
__ptext32                                 text32       003424
__ptext33                                 text33       003458
__ptext34                                 text34       0033E8
__ptext35                                 text35       00343C
__ptext36                                 text36       003400
__ptext38                                 text38       00330E
__ptext39                                 text39       0033B2
__ptext4                                  text4        001720
__ptext40                                 text40       001C34
__ptext41                                 text41       0029A8
__ptext42                                 text42       002A9C
__ptext43                                 text43       001E76
__ptext44                                 text44       00345C
__ptext45                                 text45       00338E
__ptext46                                 text46       002DC4
__ptext47                                 text47       003460
__ptext48                                 text48       003446
__ptext49                                 text49       0031C2
__ptext5                                  text5        003242
__ptext50                                 text50       000000
__ptext6                                  text6        0024AE
__ptext7                                  text7        002E72
__ptext8                                  text8        002C4A
__ptext9                                  text9        002022
__ramtop                                  ramtop       000600
__size_of_EUSART1_Initialize              (abs)        000000
__size_of_EXT_INT_Initialize              (abs)        000000
__size_of_INT0_ISR                        (abs)        000000
__size_of_INT0_SetInterruptHandler        (abs)        000000
__size_of_INTERRUPT_Initialize            (abs)        000000
__size_of_INTERRUPT_InterruptManager      (abs)        000000
__size_of_OSCILLATOR_Initialize           (abs)        000000
__size_of_PIN_MANAGER_Initialize          (abs)        000000
__size_of_SYSTEM_Initialize               (abs)        000000
__size_of_TMR0_DefaultInterruptHandler    (abs)        000000
__size_of_TMR0_ISR                        (abs)        000000
__size_of_TMR0_Initialize                 (abs)        000000
__size_of_TMR0_ReadTimer                  (abs)        000000
__size_of_TMR0_Reload                     (abs)        000000
__size_of_TMR0_SetInterruptHandler        (abs)        000000
__size_of_TMR0_StartTimer                 (abs)        000000
__size_of_TMR0_StopTimer                  (abs)        000000
__size_of___awdiv                         (abs)        000000
__size_of___awmod                         (abs)        000000
__size_of___ftadd                         (abs)        000000
__size_of___ftdiv                         (abs)        000000
__size_of___ftge                          (abs)        000000
__size_of___ftmul                         (abs)        000000
__size_of___ftneg                         (abs)        000000
__size_of___ftpack                        (abs)        000000
__size_of___ftsub                         (abs)        000000
__size_of___fttol                         (abs)        000000
__size_of___lldiv                         (abs)        000000
__size_of___llmod                         (abs)        000000
__size_of___lltoft                        (abs)        000000
__size_of___lwtoft                        (abs)        000000
__size_of___wmul                          (abs)        000000
__size_of__div_to_l_                      (abs)        000000
__size_of__lcd_Port                       (abs)        000000
__size_of__tdiv_to_l_                     (abs)        000000
__size_of_fround                          (abs)        000000
__size_of_isdigit                         (abs)        000000
__size_of_lcd_clear                       (abs)        000000
__size_of_lcd_init                        (abs)        000000
__size_of_lcd_sendChar                    (abs)        000000
__size_of_lcd_sendCommand                 (abs)        000000
__size_of_lcd_sendString                  (abs)        000000
__size_of_main                            (abs)        000000
__size_of_scale                           (abs)        000000
__size_of_sprintf                         (abs)        000000
__size_ofi2_TMR0_StartTimer               (abs)        000000
__size_ofi2___ftadd                       (abs)        000000
__size_ofi2___ftdiv                       (abs)        000000
__size_ofi2___ftmul                       (abs)        000000
__size_ofi2___ftpack                      (abs)        000000
__smallconst                              smallconst   000600
__tdiv_to_l_                              text9        002022
__tdiv_to_l_@cntr                         cstackBANK0  00006D
__tdiv_to_l_@exp1                         cstackBANK0  00006E
__tdiv_to_l_@f1                           cstackBANK0  000060
__tdiv_to_l_@f2                           cstackBANK0  000063
__tdiv_to_l_@quot                         cstackBANK0  000069
_cal_current                              smallconst   000677
_dpowers                                  smallconst   000601
_fround                                   text4        001720
_fround$1574                              cstackBANK0  000089
_fround$1575                              cstackBANK0  000086
_isdigit                                  text3        00333E
_isdigit$1161                             cstackBANK0  000061
_last_range                               dataCOMRAM   000050
_lcd_clear                                text22       003416
_lcd_init                                 text21       00302A
_lcd_sendChar                             text20       003138
_lcd_sendCommand                          text23       003368
_lcd_sendString                           text19       0030F0
_main                                     text0        002348
_range                                    dataCOMRAM   000051
_reading                                  bssCOMRAM    000054
_result                                   bssBANK0     0000D5
_scale                                    text2        001272
_scale$1576                               cstackBANK0  000086
_sprintf                                  text1        0006BE
_sprintf$1577                             cstackBANK0  0000AC
_timer0ReloadVal                          nvCOMRAM     000052
_units                                    dataCOMRAM   00004E
btemp                                     temp         000056
end_of_initialization                     cinit        003234
fround@prec                               cstackBANK0  00008C
ftoa@buf                                  bssBANK0     0000D8
i2_TMR0_StartTimer                        text44       00345C
i2___ftadd                                text43       001E76
i2___ftadd@exp1                           cstackCOMRAM 000017
i2___ftadd@exp2                           cstackCOMRAM 000016
i2___ftadd@f1                             cstackCOMRAM 00000C
i2___ftadd@f2                             cstackCOMRAM 00000F
i2___ftadd@sign                           cstackCOMRAM 000015
i2___ftdiv                                text42       002A9C
i2___ftdiv@cntr                           cstackCOMRAM 000030
i2___ftdiv@exp                            cstackCOMRAM 000034
i2___ftdiv@f1                             cstackCOMRAM 000027
i2___ftdiv@f2                             cstackCOMRAM 00002A
i2___ftdiv@f3                             cstackCOMRAM 000031
i2___ftdiv@sign                           cstackCOMRAM 000035
i2___ftmul                                text41       0029A8
i2___ftmul@cntr                           cstackCOMRAM 000025
i2___ftmul@exp                            cstackCOMRAM 000021
i2___ftmul@f1                             cstackCOMRAM 000018
i2___ftmul@f2                             cstackCOMRAM 00001B
i2___ftmul@f3_as_product                  cstackCOMRAM 000022
i2___ftmul@sign                           cstackCOMRAM 000026
i2___ftpack                               text46       002DC4
i2___ftpack@arg                           cstackCOMRAM 000001
i2___ftpack@exp                           cstackCOMRAM 000004
i2___ftpack@sign                          cstackCOMRAM 000005
int$flags                                 temp         000056
intlevel0                                 text         000000
intlevel1                                 text         000000
intlevel2                                 text         000000
intlevel3                                 text         000000
isdigit@c                                 cstackBANK0  000062
lcd_sendChar@a                            cstackBANK0  000063
lcd_sendChar@temp                         cstackBANK0  000061
lcd_sendChar@y                            cstackBANK0  000062
lcd_sendCommand@a                         cstackBANK0  000062
lcd_sendString@a                          cstackBANK0  000064
lcd_sendString@i                          cstackBANK0  000066
main@cap_string                           cstackBANK0  0000C5
scale@scl                                 cstackBANK0  000089
sprintf@ap                                cstackBANK0  0000AF
sprintf@c                                 cstackBANK0  0000C4
sprintf@exp                               cstackBANK0  0000BD
sprintf@f                                 cstackBANK0  0000A1
sprintf@flag                              cstackBANK0  0000B5
sprintf@fval                              cstackBANK0  0000BF
sprintf@prec                              cstackBANK0  0000C2
sprintf@sp                                cstackBANK0  00009F
sprintf@tmpval                            cstackBANK0  0000B9
sprintf@val                               cstackBANK0  0000B1
sprintf@width                             cstackBANK0  0000B7
stackhi                                   (abs)        0005FF
stacklo                                   (abs)        0000ED
start                                     init         000094
start_initialization                      cinit        003204


FUNCTION INFORMATION:

 *************** function _main *****************
 Defined at:
		line 8 in file "main.c"
 Parameters:    Size  Location     Type
		None
 Auto vars:     Size  Location     Type
  cap_string     16  101[BANK0 ] unsigned char [16]
 Return value:  Size  Location     Type
                  1    wreg      void 
 Registers used:
		wreg, fsr2l, fsr2h, status,2, status,0, tblptrl, tblptrh, tblptru, prodl, prodh, cstack
 Tracked objects:
		On entry : 
		On exit  : 
		Unchanged: 
 Data sizes:     COMRAM   BANK0   BANK1   BANK2   BANK3   BANK4   BANK5
      Params:         0       0       0       0       0       0       0
      Locals:         0      16       0       0       0       0       0
      Temps:          0       0       0       0       0       0       0
      Totals:         0      16       0       0       0       0       0
Total ram usage:       16 bytes
 Hardware stack levels required when called:    8
 This function calls:
		_SYSTEM_Initialize
		___ftdiv
		___ftge
		_lcd_clear
		_lcd_init
		_lcd_sendString
		_sprintf
 This function is called by:
		Startup code after reset
 This function uses a non-reentrant model


 *************** function _sprintf *****************
 Defined at:
		line 492 in file "C:\Program Files (x86)\Microchip\xc8\v1.38\sources\common\doprnt.c"
 Parameters:    Size  Location     Type
  sp              2   63[BANK0 ] PTR unsigned char 
		 -> ftoa@buf(17), main@cap_string(16), 
  f               2   65[BANK0 ] PTR const unsigned char 
		 -> STR_4(11), STR_3(11), STR_2(11), STR_1(11), 
 Auto vars:     Size  Location     Type
  tmpval          4   89[BANK0 ] struct .
  val             4   81[BANK0 ] unsigned long 
  fval            3   95[BANK0 ] unsigned long 
  cp              3    0        PTR const unsigned char 
  prec            2   98[BANK0 ] int 
  exp             2   93[BANK0 ] int 
  width           2   87[BANK0 ] int 
  flag            2   85[BANK0 ] unsigned short 
  ap              2   79[BANK0 ] PTR void [1]
		 -> ?_sprintf(2), 
  len             2    0        unsigned int 
  c               1  100[BANK0 ] char 
  d               1    0        unsigned char 
 Return value:  Size  Location     Type
                  2   63[BANK0 ] int 
 Registers used:
		wreg, fsr2l, fsr2h, status,2, status,0, tblptrl, tblptrh, tblptru, prodl, prodh, cstack
 Tracked objects:
		On entry : 
		On exit  : 
		Unchanged: 
 Data sizes:     COMRAM   BANK0   BANK1   BANK2   BANK3   BANK4   BANK5
      Params:         0       7       0       0       0       0       0
      Locals:         0      25       0       0       0       0       0
      Temps:          0       6       0       0       0       0       0
      Totals:         0      38       0       0       0       0       0
Total ram usage:       38 bytes
 Hardware stack levels used:    1
 Hardware stack levels required when called:    7
 This function calls:
		___awdiv
		___ftadd
		___ftge
		___ftmul
		___ftneg
		___ftsub
		___fttol
		___lldiv
		___llmod
		___lltoft
		___wmul
		__div_to_l_
		__tdiv_to_l_
		_fround
		_isdigit
		_scale
 This function is called by:
		_main
 This function uses a non-reentrant model


 *************** function _scale *****************
 Defined at:
		line 425 in file "C:\Program Files (x86)\Microchip\xc8\v1.38\sources\common\doprnt.c"
 Parameters:    Size  Location     Type
  scl             1    wreg     char 
 Auto vars:     Size  Location     Type
  scl             1   41[BANK0 ] char 
 Return value:  Size  Location     Type
                  3   35[BANK0 ] char 
 Registers used:
		wreg, status,2, status,0, tblptrl, tblptrh, tblptru, prodl, prodh, cstack
 Tracked objects:
		On entry : 
		On exit  : 
		Unchanged: 
 Data sizes:     COMRAM   BANK0   BANK1   BANK2   BANK3   BANK4   BANK5
      Params:         0       3       0       0       0       0       0
      Locals:         0       4       0       0       0       0       0
      Temps:          0       0       0       0       0       0       0
      Totals:         0       7       0       0       0       0       0
Total ram usage:        7 bytes
 Hardware stack levels used:    1
 Hardware stack levels required when called:    6
 This function calls:
		___awdiv
		___awmod
		___ftmul
		___wmul
 This function is called by:
		_sprintf
 This function uses a non-reentrant model


 *************** function _isdigit *****************
 Defined at:
		line 8 in file "C:\Program Files (x86)\Microchip\xc8\v1.38\sources\common\isdigit.c"
 Parameters:    Size  Location     Type
  c               1    wreg     unsigned char 
 Auto vars:     Size  Location     Type
  c               1    2[BANK0 ] unsigned char 
 Return value:  Size  Location     Type
		None               void
 Registers used:
		wreg, status,2, status,0
 Tracked objects:
		On entry : 
		On exit  : 
		Unchanged: 
 Data sizes:     COMRAM   BANK0   BANK1   BANK2   BANK3   BANK4   BANK5
      Params:         0       0       0       0       0       0       0
      Locals:         0       2       0       0       0       0       0
      Temps:          0       1       0       0       0       0       0
      Totals:         0       3       0       0       0       0       0
Total ram usage:        3 bytes
 Hardware stack levels used:    1
 Hardware stack levels required when called:    4
 This function calls:
		Nothing
 This function is called by:
		_sprintf
 This function uses a non-reentrant model


 *************** function _fround *****************
 Defined at:
		line 409 in file "C:\Program Files (x86)\Microchip\xc8\v1.38\sources\common\doprnt.c"
 Parameters:    Size  Location     Type
  prec            1    wreg     unsigned char 
 Auto vars:     Size  Location     Type
  prec            1   44[BANK0 ] unsigned char 
 Return value:  Size  Location     Type
                  3   35[BANK0 ] unsigned char 
 Registers used:
		wreg, status,2, status,0, tblptrl, tblptrh, tblptru, prodl, prodh, cstack
 Tracked objects:
		On entry : 
		On exit  : 
		Unchanged: 
 Data sizes:     COMRAM   BANK0   BANK1   BANK2   BANK3   BANK4   BANK5
      Params:         0       3       0       0       0       0       0
      Locals:         0       7       0       0       0       0       0
      Temps:          0       0       0       0       0       0       0
      Totals:         0      10       0       0       0       0       0
Total ram usage:       10 bytes
 Hardware stack levels used:    1
 Hardware stack levels required when called:    6
 This function calls:
		___awdiv
		___awmod
		___ftmul
		___wmul
 This function is called by:
		_sprintf
 This function uses a non-reentrant model


 *************** function ___wmul *****************
 Defined at:
		line 15 in file "C:\Program Files (x86)\Microchip\xc8\v1.38\sources\common\Umul16.c"
 Parameters:    Size  Location     Type
  multiplier      2   14[BANK0 ] unsigned int 
  multiplicand    2   16[BANK0 ] unsigned int 
 Auto vars:     Size  Location     Type
  product         2   18[BANK0 ] unsigned int 
 Return value:  Size  Location     Type
                  2   14[BANK0 ] unsigned int 
 Registers used:
		wreg, status,2, status,0, prodl, prodh
 Tracked objects:
		On entry : 
		On exit  : 
		Unchanged: 
 Data sizes:     COMRAM   BANK0   BANK1   BANK2   BANK3   BANK4   BANK5
      Params:         0       4       0       0       0       0       0
      Locals:         0       2       0       0       0       0       0
      Temps:          0       0       0       0       0       0       0
      Totals:         0       6       0       0       0       0       0
Total ram usage:        6 bytes
 Hardware stack levels used:    1
 Hardware stack levels required when called:    4
 This function calls:
		Nothing
 This function is called by:
		_fround
		_scale
		_sprintf
 This function uses a non-reentrant model


 *************** function ___ftmul *****************
 Defined at:
		line 62 in file "C:\Program Files (x86)\Microchip\xc8\v1.38\sources\common\ftmul.c"
 Parameters:    Size  Location     Type
  f1              3   20[BANK0 ] float 
  f2              3   23[BANK0 ] float 
 Auto vars:     Size  Location     Type
  f3_as_produc    3   30[BANK0 ] unsigned um
  sign            1   34[BANK0 ] unsigned char 
  cntr            1   33[BANK0 ] unsigned char 
  exp             1   29[BANK0 ] unsigned char 
 Return value:  Size  Location     Type
                  3   20[BANK0 ] float 
 Registers used:
		wreg, status,2, status,0, cstack
 Tracked objects:
		On entry : 
		On exit  : 
		Unchanged: 
 Data sizes:     COMRAM   BANK0   BANK1   BANK2   BANK3   BANK4   BANK5
      Params:         0       6       0       0       0       0       0
      Locals:         0       6       0       0       0       0       0
      Temps:          0       3       0       0       0       0       0
      Totals:         0      15       0       0       0       0       0
Total ram usage:       15 bytes
 Hardware stack levels used:    1
 Hardware stack levels required when called:    5
 This function calls:
		___ftpack
 This function is called by:
		_fround
		_scale
		_sprintf
 This function uses a non-reentrant model


 *************** function ___awmod *****************
 Defined at:
		line 8 in file "C:\Program Files (x86)\Microchip\xc8\v1.38\sources\common\awmod.c"
 Parameters:    Size  Location     Type
  dividend        2    0[BANK0 ] int 
  divisor         2    2[BANK0 ] int 
 Auto vars:     Size  Location     Type
  sign            1    5[BANK0 ] unsigned char 
  counter         1    4[BANK0 ] unsigned char 
 Return value:  Size  Location     Type
                  2    0[BANK0 ] int 
 Registers used:
		wreg, status,2, status,0
 Tracked objects:
		On entry : 
		On exit  : 
		Unchanged: 
 Data sizes:     COMRAM   BANK0   BANK1   BANK2   BANK3   BANK4   BANK5
      Params:         0       4       0       0       0       0       0
      Locals:         0       2       0       0       0       0       0
      Temps:          0       0       0       0       0       0       0
      Totals:         0       6       0       0       0       0       0
Total ram usage:        6 bytes
 Hardware stack levels used:    1
 Hardware stack levels required when called:    4
 This function calls:
		Nothing
 This function is called by:
		_fround
		_scale
 This function uses a non-reentrant model


 *************** function ___awdiv *****************
 Defined at:
		line 8 in file "C:\Program Files (x86)\Microchip\xc8\v1.38\sources\common\awdiv.c"
 Parameters:    Size  Location     Type
  dividend        2    6[BANK0 ] int 
  divisor         2    8[BANK0 ] int 
 Auto vars:     Size  Location     Type
  quotient        2   12[BANK0 ] int 
  sign            1   11[BANK0 ] unsigned char 
  counter         1   10[BANK0 ] unsigned char 
 Return value:  Size  Location     Type
                  2    6[BANK0 ] int 
 Registers used:
		wreg, status,2, status,0
 Tracked objects:
		On entry : 
		On exit  : 
		Unchanged: 
 Data sizes:     COMRAM   BANK0   BANK1   BANK2   BANK3   BANK4   BANK5
      Params:         0       4       0       0       0       0       0
      Locals:         0       4       0       0       0       0       0
      Temps:          0       0       0       0       0       0       0
      Totals:         0       8       0       0       0       0       0
Total ram usage:        8 bytes
 Hardware stack levels used:    1
 Hardware stack levels required when called:    4
 This function calls:
		Nothing
 This function is called by:
		_fround
		_scale
		_sprintf
 This function uses a non-reentrant model


 *************** function __tdiv_to_l_ *****************
 Defined at:
		line 60 in file "C:\Program Files (x86)\Microchip\xc8\v1.38\sources\common\ftdivl.c"
 Parameters:    Size  Location     Type
  f1              3    0[BANK0 ] float 
  f2              3    3[BANK0 ] float 
 Auto vars:     Size  Location     Type
  quot            4    9[BANK0 ] unsigned long 
  exp1            1   14[BANK0 ] unsigned char 
  cntr            1   13[BANK0 ] unsigned char 
 Return value:  Size  Location     Type
                  4    0[BANK0 ] unsigned long 
 Registers used:
		wreg, status,2, status,0
 Tracked objects:
		On entry : 
		On exit  : 
		Unchanged: 
 Data sizes:     COMRAM   BANK0   BANK1   BANK2   BANK3   BANK4   BANK5
      Params:         0       6       0       0       0       0       0
      Locals:         0       6       0       0       0       0       0
      Temps:          0       3       0       0       0       0       0
      Totals:         0      15       0       0       0       0       0
Total ram usage:       15 bytes
 Hardware stack levels used:    1
 Hardware stack levels required when called:    4
 This function calls:
		Nothing
 This function is called by:
		_sprintf
 This function uses a non-reentrant model


 *************** function __div_to_l_ *****************
 Defined at:
		line 60 in file "C:\Program Files (x86)\Microchip\xc8\v1.38\sources\common\fldivl.c"
 Parameters:    Size  Location     Type
  f1              3    0[BANK0 ] unsigned long 
  f2              3    3[BANK0 ] unsigned long 
 Auto vars:     Size  Location     Type
  quot            4    6[BANK0 ] unsigned long 
  exp1            1   11[BANK0 ] unsigned char 
  cntr            1   10[BANK0 ] unsigned char 
 Return value:  Size  Location     Type
                  4    0[BANK0 ] unsigned long 
 Registers used:
		wreg, status,2, status,0
 Tracked objects:
		On entry : 
		On exit  : 
		Unchanged: 
 Data sizes:     COMRAM   BANK0   BANK1   BANK2   BANK3   BANK4   BANK5
      Params:         0       6       0       0       0       0       0
      Locals:         0       6       0       0       0       0       0
      Temps:          0       0       0       0       0       0       0
      Totals:         0      12       0       0       0       0       0
Total ram usage:       12 bytes
 Hardware stack levels used:    1
 Hardware stack levels required when called:    4
 This function calls:
		Nothing
 This function is called by:
		_sprintf
 This function uses a non-reentrant model


 *************** function ___lltoft *****************
 Defined at:
		line 35 in file "C:\Program Files (x86)\Microchip\xc8\v1.38\sources\common\lltoft.c"
 Parameters:    Size  Location     Type
  c               4    8[BANK0 ] unsigned long 
 Auto vars:     Size  Location     Type
  exp             1   16[BANK0 ] unsigned char 
 Return value:  Size  Location     Type
                  3    8[BANK0 ] float 
 Registers used:
		wreg, status,2, status,0, cstack
 Tracked objects:
		On entry : 
		On exit  : 
		Unchanged: 
 Data sizes:     COMRAM   BANK0   BANK1   BANK2   BANK3   BANK4   BANK5
      Params:         0       4       0       0       0       0       0
      Locals:         0       1       0       0       0       0       0
      Temps:          0       4       0       0       0       0       0
      Totals:         0       9       0       0       0       0       0
Total ram usage:        9 bytes
 Hardware stack levels used:    1
 Hardware stack levels required when called:    5
 This function calls:
		___ftpack
 This function is called by:
		_sprintf
 This function uses a non-reentrant model


 *************** function ___llmod *****************
 Defined at:
		line 8 in file "C:\Program Files (x86)\Microchip\xc8\v1.38\sources\common\llmod.c"
 Parameters:    Size  Location     Type
  dividend        4   13[BANK0 ] unsigned long 
  divisor         4   17[BANK0 ] unsigned long 
 Auto vars:     Size  Location     Type
  counter         1   21[BANK0 ] unsigned char 
 Return value:  Size  Location     Type
                  4   13[BANK0 ] unsigned long 
 Registers used:
		wreg, status,2, status,0
 Tracked objects:
		On entry : 
		On exit  : 
		Unchanged: 
 Data sizes:     COMRAM   BANK0   BANK1   BANK2   BANK3   BANK4   BANK5
      Params:         0       8       0       0       0       0       0
      Locals:         0       1       0       0       0       0       0
      Temps:          0       0       0       0       0       0       0
      Totals:         0       9       0       0       0       0       0
Total ram usage:        9 bytes
 Hardware stack levels used:    1
 Hardware stack levels required when called:    4
 This function calls:
		Nothing
 This function is called by:
		_sprintf
 This function uses a non-reentrant model


 *************** function ___lldiv *****************
 Defined at:
		line 8 in file "C:\Program Files (x86)\Microchip\xc8\v1.38\sources\common\lldiv.c"
 Parameters:    Size  Location     Type
  dividend        4    0[BANK0 ] unsigned long 
  divisor         4    4[BANK0 ] unsigned long 
 Auto vars:     Size  Location     Type
  quotient        4    8[BANK0 ] unsigned long 
  counter         1   12[BANK0 ] unsigned char 
 Return value:  Size  Location     Type
                  4    0[BANK0 ] unsigned long 
 Registers used:
		wreg, status,2, status,0
 Tracked objects:
		On entry : 
		On exit  : 
		Unchanged: 
 Data sizes:     COMRAM   BANK0   BANK1   BANK2   BANK3   BANK4   BANK5
      Params:         0       8       0       0       0       0       0
      Locals:         0       5       0       0       0       0       0
      Temps:          0       0       0       0       0       0       0
      Totals:         0      13       0       0       0       0       0
Total ram usage:       13 bytes
 Hardware stack levels used:    1
 Hardware stack levels required when called:    4
 This function calls:
		Nothing
 This function is called by:
		_sprintf
 This function uses a non-reentrant model


 *************** function ___fttol *****************
 Defined at:
		line 44 in file "C:\Program Files (x86)\Microchip\xc8\v1.38\sources\common\fttol.c"
 Parameters:    Size  Location     Type
  f1              3   42[BANK0 ] float 
 Auto vars:     Size  Location     Type
  lval            4   52[BANK0 ] unsigned long 
  exp1            1   56[BANK0 ] unsigned char 
  sign1           1   51[BANK0 ] unsigned char 
 Return value:  Size  Location     Type
                  4   42[BANK0 ] long 
 Registers used:
		wreg, status,2, status,0
 Tracked objects:
		On entry : 
		On exit  : 
		Unchanged: 
 Data sizes:     COMRAM   BANK0   BANK1   BANK2   BANK3   BANK4   BANK5
      Params:         0       4       0       0       0       0       0
      Locals:         0       6       0       0       0       0       0
      Temps:          0       5       0       0       0       0       0
      Totals:         0      15       0       0       0       0       0
Total ram usage:       15 bytes
 Hardware stack levels used:    1
 Hardware stack levels required when called:    4
 This function calls:
		Nothing
 This function is called by:
		_sprintf
 This function uses a non-reentrant model


 *************** function ___ftsub *****************
 Defined at:
		line 20 in file "C:\Program Files (x86)\Microchip\xc8\v1.38\sources\common\ftsub.c"
 Parameters:    Size  Location     Type
  f1              3   57[BANK0 ] float 
  f2              3   60[BANK0 ] float 
 Auto vars:     Size  Location     Type
		None
 Return value:  Size  Location     Type
                  3   57[BANK0 ] float 
 Registers used:
		wreg, status,2, status,0, cstack
 Tracked objects:
		On entry : 
		On exit  : 
		Unchanged: 
 Data sizes:     COMRAM   BANK0   BANK1   BANK2   BANK3   BANK4   BANK5
      Params:         0       6       0       0       0       0       0
      Locals:         0       0       0       0       0       0       0
      Temps:          0       0       0       0       0       0       0
[...]
 Parameters:    Size  Location     Type
		None
 Auto vars:     Size  Location     Type
		None
 Return value:  Size  Location     Type
                  1    wreg      void 
 Registers used:
		wreg, status,2, status,0, pclat, tosl, cstack
 Tracked objects:
		On entry : 
		On exit  : 
		Unchanged: 
 Data sizes:     COMRAM   BANK0   BANK1   BANK2   BANK3   BANK4   BANK5
      Params:         0       0       0       0       0       0       0
      Locals:         0       0       0       0       0       0       0
      Temps:          0       0       0       0       0       0       0
      Totals:         0       0       0       0       0       0       0
Total ram usage:        0 bytes
 Hardware stack levels used:    1
 Hardware stack levels required when called:    1
 This function calls:
		Absolute function
		_TMR0_DefaultInterruptHandler
 This function is called by:
		_INTERRUPT_InterruptManager
 This function uses a non-reentrant model


 *************** function _TMR0_DefaultInterruptHandler *****************
 Defined at:
		line 108 in file "mcc_generated_files/tmr0.c"
 Parameters:    Size  Location     Type
		None
 Auto vars:     Size  Location     Type
		None
 Return value:  Size  Location     Type
                  1    wreg      void 
 Registers used:
		wreg, status,2, status,0
 Tracked objects:
		On entry : 
		On exit  : 
		Unchanged: 
 Data sizes:     COMRAM   BANK0   BANK1   BANK2   BANK3   BANK4   BANK5
      Params:         0       0       0       0       0       0       0
      Locals:         0       0       0       0       0       0       0
      Temps:          1       0       0       0       0       0       0
      Totals:         1       0       0       0       0       0       0
Total ram usage:        1 bytes
 Hardware stack levels used:    1
 This function calls:
		Nothing
 This function is called by:
		_TMR0_Initialize
		_TMR0_ISR
 This function uses a non-reentrant model


 *************** function _INT0_ISR *****************
 Defined at:
		line 30 in file "mcc_generated_files/ext_int.c"
 Parameters:    Size  Location     Type
		None
 Auto vars:     Size  Location     Type
		None
 Return value:  Size  Location     Type
                  1    wreg      void 
 Registers used:
		wreg, status,2, status,0, tblptrl, tblptrh, tblptru, cstack
 Tracked objects:
		On entry : 
		On exit  : 
		Unchanged: 
 Data sizes:     COMRAM   BANK0   BANK1   BANK2   BANK3   BANK4   BANK5
      Params:         0       0       0       0       0       0       0
      Locals:         0       0       0       0       0       0       0
      Temps:         10       0       0       0       0       0       0
      Totals:        10       0       0       0       0       0       0
Total ram usage:       10 bytes
 Hardware stack levels used:    1
 Hardware stack levels required when called:    2
 This function calls:
		_TMR0_ReadTimer
		_TMR0_Reload
		_TMR0_StopTimer
		___lwtoft
		i2_TMR0_StartTimer
		i2___ftadd
		i2___ftdiv
		i2___ftmul
 This function is called by:
		_INTERRUPT_InterruptManager
 This function uses a non-reentrant model


 *************** function i2___ftmul *****************
 Defined at:
		line 62 in file "C:\Program Files (x86)\Microchip\xc8\v1.38\sources\common\ftmul.c"
 Parameters:    Size  Location     Type
  f1              3   23[COMRAM] float 
  f2              3   26[COMRAM] float 
 Auto vars:     Size  Location     Type
  __ftmul         3   33[COMRAM] unsigned um
  __ftmul         1   37[COMRAM] unsigned char 
  __ftmul         1   36[COMRAM] unsigned char 
  __ftmul         1   32[COMRAM] unsigned char 
 Return value:  Size  Location     Type
                  3   23[COMRAM] float 
 Registers used:
		wreg, status,2, status,0, cstack
 Tracked objects:
		On entry : 
		On exit  : 
		Unchanged: 
 Data sizes:     COMRAM   BANK0   BANK1   BANK2   BANK3   BANK4   BANK5
      Params:         6       0       0       0       0       0       0
      Locals:         6       0       0       0       0       0       0
      Temps:          3       0       0       0       0       0       0
      Totals:        15       0       0       0       0       0       0
Total ram usage:       15 bytes
 Hardware stack levels used:    1
 Hardware stack levels required when called:    1
 This function calls:
		i2___ftpack
 This function is called by:
		_INT0_ISR
 This function uses a non-reentrant model


 *************** function i2___ftdiv *****************
 Defined at:
		line 54 in file "C:\Program Files (x86)\Microchip\xc8\v1.38\sources\common\ftdiv.c"
 Parameters:    Size  Location     Type
  f1              3   38[COMRAM] float 
  f2              3   41[COMRAM] float 
 Auto vars:     Size  Location     Type
  __ftdiv         3   48[COMRAM] float 
  __ftdiv         1   52[COMRAM] unsigned char 
  __ftdiv         1   51[COMRAM] unsigned char 
  __ftdiv         1   47[COMRAM] unsigned char 
 Return value:  Size  Location     Type
                  3   38[COMRAM] float 
 Registers used:
		wreg, status,2, status,0, cstack
 Tracked objects:
		On entry : 
		On exit  : 
		Unchanged: 
 Data sizes:     COMRAM   BANK0   BANK1   BANK2   BANK3   BANK4   BANK5
      Params:         6       0       0       0       0       0       0
      Locals:         6       0       0       0       0       0       0
      Temps:          3       0       0       0       0       0       0
      Totals:        15       0       0       0       0       0       0
Total ram usage:       15 bytes
 Hardware stack levels used:    1
 Hardware stack levels required when called:    1
 This function calls:
		i2___ftpack
 This function is called by:
		_INT0_ISR
 This function uses a non-reentrant model


 *************** function i2___ftadd *****************
 Defined at:
		line 86 in file "C:\Program Files (x86)\Microchip\xc8\v1.38\sources\common\ftadd.c"
 Parameters:    Size  Location     Type
  f1              3   11[COMRAM] float 
  f2              3   14[COMRAM] float 
 Auto vars:     Size  Location     Type
  __ftadd         1   22[COMRAM] unsigned char 
  __ftadd         1   21[COMRAM] unsigned char 
  __ftadd         1   20[COMRAM] unsigned char 
 Return value:  Size  Location     Type
                  3   11[COMRAM] float 
 Registers used:
		wreg, status,2, status,0, cstack
 Tracked objects:
		On entry : 
		On exit  : 
		Unchanged: 
 Data sizes:     COMRAM   BANK0   BANK1   BANK2   BANK3   BANK4   BANK5
      Params:         6       0       0       0       0       0       0
      Locals:         3       0       0       0       0       0       0
      Temps:          3       0       0       0       0       0       0
      Totals:        12       0       0       0       0       0       0
Total ram usage:       12 bytes
 Hardware stack levels used:    1
 Hardware stack levels required when called:    1
 This function calls:
		i2___ftpack
 This function is called by:
		_INT0_ISR
 This function uses a non-reentrant model


 *************** function i2_TMR0_StartTimer *****************
 Defined at:
		line 43 in file "mcc_generated_files/tmr0.c"
 Parameters:    Size  Location     Type
		None
 Auto vars:     Size  Location     Type
		None
 Return value:  Size  Location     Type
                  1    wreg      void 
 Registers used:
		None
 Tracked objects:
		On entry : 
		On exit  : 
		Unchanged: 
 Data sizes:     COMRAM   BANK0   BANK1   BANK2   BANK3   BANK4   BANK5
      Params:         0       0       0       0       0       0       0
      Locals:         0       0       0       0       0       0       0
      Temps:          0       0       0       0       0       0       0
      Totals:         0       0       0       0       0       0       0
Total ram usage:        0 bytes
 Hardware stack levels used:    1
 This function calls:
		Nothing
 This function is called by:
		_INT0_ISR
 This function uses a non-reentrant model


 *************** function ___lwtoft *****************
 Defined at:
		line 28 in file "C:\Program Files (x86)\Microchip\xc8\v1.38\sources\common\lwtoft.c"
 Parameters:    Size  Location     Type
  c               2    8[COMRAM] unsigned int 
 Auto vars:     Size  Location     Type
		None
 Return value:  Size  Location     Type
                  3    8[COMRAM] float 
 Registers used:
		wreg, status,2, status,0, cstack
 Tracked objects:
		On entry : 
		On exit  : 
		Unchanged: 
 Data sizes:     COMRAM   BANK0   BANK1   BANK2   BANK3   BANK4   BANK5
      Params:         3       0       0       0       0       0       0
      Locals:         0       0       0       0       0       0       0
      Temps:          0       0       0       0       0       0       0
      Totals:         3       0       0       0       0       0       0
Total ram usage:        3 bytes
 Hardware stack levels used:    1
 Hardware stack levels required when called:    1
 This function calls:
		i2___ftpack
 This function is called by:
		_INT0_ISR
 This function uses a non-reentrant model


 *************** function i2___ftpack *****************
 Defined at:
		line 62 in file "C:\Program Files (x86)\Microchip\xc8\v1.38\sources\common\float.c"
 Parameters:    Size  Location     Type
  arg             3    0[COMRAM] unsigned um
  exp             1    3[COMRAM] unsigned char 
  sign            1    4[COMRAM] unsigned char 
 Auto vars:     Size  Location     Type
		None
 Return value:  Size  Location     Type
                  3    0[COMRAM] float 
 Registers used:
		wreg, status,2, status,0
 Tracked objects:
		On entry : 
		On exit  : 
		Unchanged: 
 Data sizes:     COMRAM   BANK0   BANK1   BANK2   BANK3   BANK4   BANK5
      Params:         5       0       0       0       0       0       0
      Locals:         0       0       0       0       0       0       0
      Temps:          3       0       0       0       0       0       0
      Totals:         8       0       0       0       0       0       0
Total ram usage:        8 bytes
 Hardware stack levels used:    1
 This function calls:
		Nothing
 This function is called by:
		___lwtoft
		i2___ftadd
		i2___ftdiv
		i2___ftmul
 This function uses a non-reentrant model


 *************** function _TMR0_StopTimer *****************
 Defined at:
		line 49 in file "mcc_generated_files/tmr0.c"
 Parameters:    Size  Location     Type
		None
 Auto vars:     Size  Location     Type
		None
 Return value:  Size  Location     Type
                  1    wreg      void 
 Registers used:
		None
 Tracked objects:
		On entry : 
		On exit  : 
		Unchanged: 
 Data sizes:     COMRAM   BANK0   BANK1   BANK2   BANK3   BANK4   BANK5
      Params:         0       0       0       0       0       0       0
      Locals:         0       0       0       0       0       0       0
      Temps:          0       0       0       0       0       0       0
      Totals:         0       0       0       0       0       0       0
Total ram usage:        0 bytes
 Hardware stack levels used:    1
 This function calls:
		Nothing
 This function is called by:
		_INT0_ISR
 This function uses a non-reentrant model


 *************** function _TMR0_Reload *****************
 Defined at:
		line 77 in file "mcc_generated_files/tmr0.c"
 Parameters:    Size  Location     Type
		None
 Auto vars:     Size  Location     Type
		None
 Return value:  Size  Location     Type
                  1    wreg      void 
 Registers used:
		wreg, status,2
 Tracked objects:
		On entry : 
		On exit  : 
		Unchanged: 
 Data sizes:     COMRAM   BANK0   BANK1   BANK2   BANK3   BANK4   BANK5
      Params:         0       0       0       0       0       0       0
      Locals:         0       0       0       0       0       0       0
      Temps:          0       0       0       0       0       0       0
      Totals:         0       0       0       0       0       0       0
Total ram usage:        0 bytes
 Hardware stack levels used:    1
 This function calls:
		Nothing
 This function is called by:
		_INT0_ISR
 This function uses a non-reentrant model


 *************** function _TMR0_ReadTimer *****************
 Defined at:
		line 55 in file "mcc_generated_files/tmr0.c"
 Parameters:    Size  Location     Type
		None
 Auto vars:     Size  Location     Type
  readVal         2    6[COMRAM] unsigned int 
  readValHigh     1    9[COMRAM] unsigned char 
  readValLow      1    8[COMRAM] unsigned char 
 Return value:  Size  Location     Type
                  2    0[COMRAM] unsigned int 
 Registers used:
		wreg, status,2, status,0
 Tracked objects:
		On entry : 
		On exit  : 
		Unchanged: 
 Data sizes:     COMRAM   BANK0   BANK1   BANK2   BANK3   BANK4   BANK5
      Params:         2       0       0       0       0       0       0
      Locals:         4       0       0       0       0       0       0
      Temps:          4       0       0       0       0       0       0
      Totals:        10       0       0       0       0       0       0
Total ram usage:       10 bytes
 Hardware stack levels used:    1
 This function calls:
		Nothing
 This function is called by:
		_INT0_ISR
 This function uses a non-reentrant model



MODULE INFORMATION

Module		Function		Class		Link	Load	Size
C:\Program Files (x86)\Microchip\xc8\v1.38\sources\common\ftsub.c
		___ftsub       		CODE           	30A4	0000	77

C:\Program Files (x86)\Microchip\xc8\v1.38\sources\common\ftsub.c estimated size: 77

C:\Program Files (x86)\Microchip\xc8\v1.38\sources\common\float.c
		___ftpack      		CODE           	289C	0000	269

C:\Program Files (x86)\Microchip\xc8\v1.38\sources\common\float.c estimated size: 269

C:\Program Files (x86)\Microchip\xc8\v1.38\sources\common\awmod.c
		___awmod       		CODE           	2E72	0000	163

C:\Program Files (x86)\Microchip\xc8\v1.38\sources\common\awmod.c estimated size: 163

C:\Program Files (x86)\Microchip\xc8\v1.38\sources\common\ftdivl.c
		__tdiv_to_l_   		CODE           	2022	0000	415

C:\Program Files (x86)\Microchip\xc8\v1.38\sources\common\ftdivl.c estimated size: 415

C:\Program Files (x86)\Microchip\xc8\v1.38\sources\common\llmod.c
		___llmod       		CODE           	2F14	0000	155

C:\Program Files (x86)\Microchip\xc8\v1.38\sources\common\llmod.c estimated size: 155

C:\Program Files (x86)\Microchip\xc8\v1.38\sources\common\Umul16.c
		___wmul        		CODE           	3242	0000	55

C:\Program Files (x86)\Microchip\xc8\v1.38\sources\common\Umul16.c estimated size: 55

mcc_generated_files/interrupt_manager.c
		_INTERRUPT_Initialize		CODE           	3458	0000	5
		_INTERRUPT_InterruptManager		CODE           	0008	0000	141

mcc_generated_files/interrupt_manager.c estimated size: 146

mcc_generated_files/tmr0.c
		_TMR0_SetInterruptHandler		CODE           	3432	0000	11
		_TMR0_StopTimer		CODE           	3460	0000	5
		_TMR0_Reload   		CODE           	3446	0000	11
		_TMR0_DefaultInterruptHandler		CODE           	33B2	0000	29
		_TMR0_StartTimer		CODE           	3454	0000	5
		_TMR0_ReadTimer		CODE           	31C2	0000	67
		_TMR0_ISR      		CODE           	330E	0000	49
		_TMR0_Initialize		CODE           	317E	0000	69

mcc_generated_files/tmr0.c estimated size: 246

C:\Program Files (x86)\Microchip\xc8\v1.38\sources\common\fldivl.c
		__div_to_l_    		CODE           	21C0	0000	393

C:\Program Files (x86)\Microchip\xc8\v1.38\sources\common\fldivl.c estimated size: 393

C:\Program Files (x86)\Microchip\xc8\v1.38\sources\common\ftmul.c
		___ftmul       		CODE           	24AE	0000	351

C:\Program Files (x86)\Microchip\xc8\v1.38\sources\common\ftmul.c estimated size: 351

mcc_generated_files/pin_manager.c
		_PIN_MANAGER_Initialize		CODE           	32DE	0000	49

mcc_generated_files/pin_manager.c estimated size: 49

C:\Program Files (x86)\Microchip\xc8\v1.38\sources\common\ftdiv.c
		___ftdiv       		CODE           	260C	0000	333

C:\Program Files (x86)\Microchip\xc8\v1.38\sources\common\ftdiv.c estimated size: 333

C:\Program Files (x86)\Microchip\xc8\v1.38\sources\common\awdiv.c
		___awdiv       		CODE           	2C4A	0000	191

C:\Program Files (x86)\Microchip\xc8\v1.38\sources\common\awdiv.c estimated size: 191

C:\Program Files (x86)\Microchip\xc8\v1.38\sources\common\lldiv.c
		___lldiv       		CODE           	2D08	0000	189

C:\Program Files (x86)\Microchip\xc8\v1.38\sources\common\lldiv.c estimated size: 189

mcc_generated_files/ext_int.c
		_INT0_SetInterruptHandler		CODE           	343C	0000	11
		_EXT_INT_Initialize		CODE           	33E8	0000	25
		_INT0_ISR      		CODE           	1C34	0000	579

mcc_generated_files/ext_int.c estimated size: 615

C:\Program Files (x86)\Microchip\xc8\v1.38\sources\common\fttol.c
		___fttol       		CODE           	2758	0000	325

C:\Program Files (x86)\Microchip\xc8\v1.38\sources\common\fttol.c estimated size: 325

shared
		i2___ftadd     		CODE           	1E76	0000	429
		_RSET_BIT      		SMALLCONST     	068B	0000	6
		i2___ftdiv     		CODE           	2A9C	0000	231
		__powers_      		SMALLCONST     	0650	0000	40
		_R1_BIT        		SMALLCONST     	0686	0000	6
		i2_TMR0_StartTimer		CODE           	345C	0000	5
		_dpowers       		SMALLCONST     	0601	0000	41
		i2___ftmul     		CODE           	29A8	0000	245
		__npowers_     		SMALLCONST     	0629	0000	40
		i2___ftpack    		CODE           	2DC4	0000	175
		__initialization		CODE           	3204	0000	49
		_cal_current   		SMALLCONST     	0677	0000	16

shared estimated size: 1283

mcc_generated_files/eusart1.c
		_EUSART1_Initialize		CODE           	3400	0000	23

mcc_generated_files/eusart1.c estimated size: 23

C:\Program Files (x86)\Microchip\xc8\v1.38\sources\common\lwtoft.c
		___lwtoft      		CODE           	338E	0000	37

C:\Program Files (x86)\Microchip\xc8\v1.38\sources\common\lwtoft.c estimated size: 37

mcc_generated_files/mcc.c
		_OSCILLATOR_Initialize		CODE           	3424	0000	15
		_SYSTEM_Initialize		CODE           	33CE	0000	27

mcc_generated_files/mcc.c estimated size: 42

C:\Program Files (x86)\Microchip\xc8\v1.38\sources\common\isdigit.c
		_isdigit       		CODE           	333E	0000	43

C:\Program Files (x86)\Microchip\xc8\v1.38\sources\common\isdigit.c estimated size: 43

C:\Program Files (x86)\Microchip\xc8\v1.38\sources\common\ftadd.c
		___ftadd       		CODE           	19CC	0000	617

C:\Program Files (x86)\Microchip\xc8\v1.38\sources\common\ftadd.c estimated size: 617

lcd.c
		_lcd_sendChar  		CODE           	3138	0000	71
		_lcd_sendString		CODE           	30F0	0000	73
		_lcd_clear     		CODE           	3416	0000	15
		__lcd_Port     		CODE           	3278	0000	55
		_lcd_sendCommand		CODE           	3368	0000	39
		_lcd_init      		CODE           	302A	0000	123

lcd.c estimated size: 376

C:\Program Files (x86)\Microchip\xc8\v1.38\sources\common\doprnt.c
		_scale         		CODE           	1272	0000	1199
		_sprintf       		CODE           	06BE	0000	2997
		_fround        		CODE           	1720	0000	685

C:\Program Files (x86)\Microchip\xc8\v1.38\sources\common\doprnt.c estimated size: 4881

C:\Program Files (x86)\Microchip\xc8\v1.38\sources\common\lltoft.c
		___lltoft      		CODE           	2FAE	0000	125

C:\Program Files (x86)\Microchip\xc8\v1.38\sources\common\lltoft.c estimated size: 125

main.c
		_main          		CODE           	2348	0000	359

main.c estimated size: 359

C:\Program Files (x86)\Microchip\xc8\v1.38\sources\common\ftge.c
		___ftge        		CODE           	2B82	0000	201

C:\Program Files (x86)\Microchip\xc8\v1.38\sources\common\ftge.c estimated size: 201

C:\Program Files (x86)\Microchip\xc8\v1.38\sources\common\ftneg.c
		___ftneg       		CODE           	32AE	0000	49

C:\Program Files (x86)\Microchip\xc8\v1.38\sources\common\ftneg.c estimated size: 49

