Microchip MPLAB XC8 Compiler V1.38 ()

Linker command line:

-W-3 --edf=C:\Program Files (x86)\Microchip\xc8\v1.38\dat\en_msgs.txt -cs \
  -h+dist/default/production\LCR_Meter.X.production.sym \
  --cmf=dist/default/production\LCR_Meter.X.production.cmf -z -Q18F25K22 \
  -oC:\Users\ahren\AppData\Local\Temp\s59c.2 \
  -Mdist/default/production/LCR_Meter.X.production.map -E1 -ver=XC8 \
  -ASTACK=0149h-05ffh -pstack=STACK -ACODE=00h-07FFFh -ACONST=00h-07FFFh \
  -ASMALLCONST=0600h-06FFhx122 -AMEDIUMCONST=0600h-07FFFh -ACOMRAM=01h-05Fh \
  -AABS1=00h-05FFh -ABIGRAM=01h-05FFh -ARAM=060h-0FFh,0100h-01FFhx5 \
  -ABANK0=060h-0FFh -ABANK1=0100h-01FFh -ABANK2=0200h-02FFh \
  -ABANK3=0300h-03FFh -ABANK4=0400h-04FFh -ABANK5=0500h-05FFh \
  -ASFR=0F38h-0F5Fh,0F60h-0FFFh \
  -preset_vec=00h,intcode=08h,intcodelo,powerup,init,end_init \
  -pramtop=0600h -psmallconst=SMALLCONST -pmediumconst=MEDIUMCONST \
  -pconst=CONST -AFARRAM=00h-00h -ACONFIG=0300000h-030000Dh -pconfig=CONFIG \
  -AIDLOC=0200000h-0200007h -pidloc=IDLOC -AEEDATA=0F00000h-0F000FFh \
  -peeprom_data=EEDATA \
  -prdata=COMRAM,nvrram=COMRAM,nvbit=COMRAM,rbss=COMRAM,rbit=COMRAM \
  -pfarbss=FARRAM,fardata=FARRAM,nvFARRAM=FARRAM \
  -pintsave_regs=BIGRAM,bigbss=BIGRAM,bigdata=BIGRAM -pbss=RAM \
  -pidata=CODE,irdata=CODE,ibigdata=CODE,ifardata=CODE -prparam=COMRAM \
  C:\Users\ahren\AppData\Local\Temp\s59c.obj \
  dist/default/production\LCR_Meter.X.production.obj 

Object code version is 3.11

Machine type is 18F25K22

Call graph: (short form)




                Name                               Link     Load   Length Selector   Space Scale
C:\Users\ahren\AppData\Local\Temp\s59c.obj
                end_init                             94       94        4        4       0
                reset_vec                             0        0        4        0       0
                idloc                            200000   200000        8   200000       0
                config                           300000   300000        E   300000       0
dist/default/production\LCR_Meter.X.production.obj
                intcode                               8        8       8C        4       0
                temp                                 5F       5F        1        1       1
                smallconst                          600      600       C8      300       0
                text71                             53C0     53C0       42      364       0
                text70                             5732     5732        C      364       0
                text69                             5768     5768        4      364       0
                text68                             4BFC     4BFC       AE      364       0
                text67                             5642     5642       24      364       0
                text66                             4E8E     4E8E       90      364       0
                text65                             561E     561E       24      364       0
                text64                             396C     396C      1AC      364       0
                text63                             5402     5402       40      364       0
                text62                             47E0     47E0       F4      364       0
                text61                             4FA2     4FA2       82      364       0
                text60                             518A     518A       66      364       0
                text59                             51F0     51F0       5C      364       0
                text58                             44B8     44B8      128      364       0
                text57                             4386     4386      132      364       0
                text56                             4F1E     4F1E       84      364       0
                text55                             511A     511A       70      364       0
                text54                             46EC     46EC       F4      364       0
                text53                             55F8     55F8       26      364       0
                text52                             3726     3726      246      364       0
                text51                             5666     5666       1E      364       0
                text50                             5726     5726        C      364       0
                text49                             5752     5752        A      364       0
                text48                             2E22     2E22      3F0      364       0
                text47                             1898     1898     10DC      364       0
                text46                             54AE     54AE       36      364       0
                text45                             5764     5764        4      364       0
                text44                             48D4     48D4       E6      364       0
                text43                             4CAA     4CAA       A8      364       0
                text42                             5684     5684       1C      364       0
                text41                             5516     5516       32      364       0
                text39                             56D2     56D2       16      364       0
                text38                             5748     5748        A      364       0
                text37                             56BA     56BA       18      364       0
                text36                             5760     5760        4      364       0
                text35                             5718     5718        E      364       0
                text34                             5578     5578       30      364       0
                text33                             573E     573E        A      364       0
                text32                             575C     575C        4      364       0
                text31                             5332     5332       48      364       0
                text30                             56A0     56A0       1A      364       0
                text29                             45E0     45E0      10C      364       0
                text28                             40F6     40F6      14C      364       0
                text27                             5478     5478       36      364       0
                text26                             55D2     55D2       26      364       0
                text25                             570A     570A        E      364       0
                text24                             50A0     50A0       7A      364       0
                text23                             537A     537A       46      364       0
                text22                             52EA     52EA       48      364       0
                text21                             49BA     49BA       C8      364       0
                text20                             5548     5548       30      364       0
                text19                             34BE     34BE      268      364       0
                text18                             529E     529E       4C      364       0
                text17                             4242     4242      144      364       0
                text16                             4B40     4B40       BC      364       0
                text15                             4DF4     4DF4       9A      364       0
                text14                             5024     5024       7C      364       0
                text13                             3CB6     3CB6      188      364       0
                text12                             3B18     3B18      19E      364       0
                text11                             4A82     4A82       BE      364       0
                text10                             4D52     4D52       A2      364       0
                text9                              3E3E     3E3E      15E      364       0
                text8                              5442     5442       36      364       0
                text7                              3212     3212      2AC      364       0
                text6                              55A8     55A8       2A      364       0
                text5                              56FC     56FC        E      364       0
                text4                              56E8     56E8       14      364       0
                text3                              2974     2974      4AE      364       0
                text2                               6C8      6C8     11D0      364       0
                text1                              524C     524C       52      364       0
                text0                              3F9C     3F9C      15A      364       0
                cstackCOMRAM                          1        1       5E        1       1
                cstackBANK0                          60       60       5B       60       1
                cstackBANK1                         100      100       49      100       1
                dataBANK0                            D7       D7        2       60       1
                bssBANK0                             BB       BB       16       60       1
                cinit                              54E4     54E4       32      364       0
                nvBANK0                              D1       D1        6       60       1
                idataBANK0                         576C     576C        2      364       0

TOTAL           Name                               Link     Load   Length     Space
        CLASS   STACK          

        CLASS   CODE           
                end_init                             94       94        4         0
                intcode                               8        8       8C         0
                reset_vec                             0        0        4         0
                text71                             53C0     53C0       42         0
                text70                             5732     5732        C         0
                text69                             5768     5768        4         0
                text68                             4BFC     4BFC       AE         0
                text67                             5642     5642       24         0
                text66                             4E8E     4E8E       90         0
                text65                             561E     561E       24         0
                text64                             396C     396C      1AC         0
                text63                             5402     5402       40         0
                text62                             47E0     47E0       F4         0
                text61                             4FA2     4FA2       82         0
                text60                             518A     518A       66         0
                text59                             51F0     51F0       5C         0
                text58                             44B8     44B8      128         0
                text57                             4386     4386      132         0
                text56                             4F1E     4F1E       84         0
                text55                             511A     511A       70         0
                text54                             46EC     46EC       F4         0
                text53                             55F8     55F8       26         0
                text52                             3726     3726      246         0
                text51                             5666     5666       1E         0
                text50                             5726     5726        C         0
                text49                             5752     5752        A         0
                text48                             2E22     2E22      3F0         0
                text47                             1898     1898     10DC         0
                text46                             54AE     54AE       36         0
                text45                             5764     5764        4         0
                text44                             48D4     48D4       E6         0
                text43                             4CAA     4CAA       A8         0
                text42                             5684     5684       1C         0
                text41                             5516     5516       32         0
                text39                             56D2     56D2       16         0
                text38                             5748     5748        A         0
                text37                             56BA     56BA       18         0
                text36                             5760     5760        4         0
                text35                             5718     5718        E         0
                text34                             5578     5578       30         0
                text33                             573E     573E        A         0
                text32                             575C     575C        4         0
                text31                             5332     5332       48         0
                text30                             56A0     56A0       1A         0
                text29                             45E0     45E0      10C         0
                text28                             40F6     40F6      14C         0
                text27                             5478     5478       36         0
                text26                             55D2     55D2       26         0
                text25                             570A     570A        E         0
                text24                             50A0     50A0       7A         0
                text23                             537A     537A       46         0
                text22                             52EA     52EA       48         0
                text21                             49BA     49BA       C8         0
                text20                             5548     5548       30         0
                text19                             34BE     34BE      268         0
                text18                             529E     529E       4C         0
                text17                             4242     4242      144         0
                text16                             4B40     4B40       BC         0
                text15                             4DF4     4DF4       9A         0
                text14                             5024     5024       7C         0
                text13                             3CB6     3CB6      188         0
                text12                             3B18     3B18      19E         0
                text11                             4A82     4A82       BE         0
                text10                             4D52     4D52       A2         0
                text9                              3E3E     3E3E      15E         0
                text8                              5442     5442       36         0
                text7                              3212     3212      2AC         0
                text6                              55A8     55A8       2A         0
                text5                              56FC     56FC        E         0
                text4                              56E8     56E8       14         0
                text3                              2974     2974      4AE         0
                text2                               6C8      6C8     11D0         0
                text1                              524C     524C       52         0
                text0                              3F9C     3F9C      15A         0
                cinit                              54E4     54E4       32         0
                idataBANK0                         576C     576C        2         0

        CLASS   CONST          

        CLASS   SMALLCONST     
                smallconst                          600      600       C8         0

        CLASS   MEDIUMCONST    

        CLASS   COMRAM         
                temp                                 5F       5F        1         1
                cstackCOMRAM                          1        1       5E         1

        CLASS   ABS1           

        CLASS   BIGRAM         

        CLASS   RAM            

        CLASS   BANK0          
                cstackBANK0                          60       60       5B         1
                dataBANK0                            D7       D7        2         1
                bssBANK0                             BB       BB       16         1
                nvBANK0                              D1       D1        6         1

        CLASS   BANK1          
                cstackBANK1                         100      100       49         1

        CLASS   BANK2          

        CLASS   BANK3          

        CLASS   BANK4          

        CLASS   BANK5          

        CLASS   SFR            

        CLASS   FARRAM         

        CLASS   CONFIG         
                config                           300000   300000        E         0

        CLASS   IDLOC          
                idloc                            200000   200000        8         0

        CLASS   EEDATA         



SEGMENTS        Name                           Load    Length   Top    Selector   Space  Class

                reset_vec                      000000  000004  000004         0       0  CODE    
                cstackCOMRAM                   000001  00005F  000060         1       1  COMRAM  
                intcode                        000008  000090  000098         4       0  CODE    
                cstackBANK0                    000060  000079  0000D9        60       1  BANK0   
                cstackBANK1                    000100  000049  000149       100       1  BANK1   
                smallconst                     000600  0000C8  0006C8       300       0  SMALLCON
                text2                          0006C8  0050A6  00576E       364       0  CODE    
                idloc                          200000  000008  200008    200000       0  IDLOC   
                config                         300000  00000E  30000E    300000       0  CONFIG  


UNUSED ADDRESS RANGES

        Name                Unused          Largest block    Delta
        BANK0            0000D9-0000FF               27
        BANK1            000149-0001FF               B7
        BANK2            000200-0002FF              100
        BANK3            000300-0003FF              100
        BANK4            000400-0004FF              100
        BANK5            000500-0005FF              100
        BIGRAM           0000D9-0000FF               27
                         000149-0005FF              4B7
        CODE             000004-000007                4
                         000098-0005FF              568
                         00576E-007FFF             2892
        CONST            000004-000007                4
                         000098-0005FF              568
                         00576E-007FFF             2892
        EEDATA           F00000-F000FF              100
        MEDIUMCONST      00576E-007FFF             2892
        RAM              0000D9-0000FF               27
                         000149-0005FF              100
        SFR              000F38-000FFF               28
        SMALLCONST       00576E-007FFF              100
        STACK            000149-0005FF              4B7

                                  Symbol Table

?_TMR0_ReadTimer                          cstackCOMRAM 000001
?___awdiv                                 cstackBANK0  00008B
?___awmod                                 cstackBANK0  000085
?___ftadd                                 cstackBANK0  0000B2
?___ftdiv                                 cstackBANK0  00008D
?___ftmul                                 cstackBANK0  000099
?___ftneg                                 cstackBANK0  000085
?___ftpack                                cstackBANK0  000085
?___ftsub                                 cstackBANK1  000103
?___fttol                                 cstackBANK0  0000AF
?___lldiv                                 cstackBANK0  000085
?___llmod                                 cstackBANK0  000092
?___lltoft                                cstackBANK0  00008D
?___lwtoft                                cstackCOMRAM 000009
?___wmul                                  cstackBANK0  000093
?__div_to_l_                              cstackBANK0  000085
?__doprnt                                 cstackBANK1  000109
?__tdiv_to_l_                             cstackBANK0  000085
?_fround                                  cstackBANK0  0000A8
?_printf                                  cstackCOMRAM 000052
?_scale                                   cstackBANK0  0000A8
?_sprintf                                 cstackBANK1  00012C
?i2___awdiv                               cstackCOMRAM 000007
?i2___awmod                               cstackCOMRAM 000001
?i2___ftadd                               cstackCOMRAM 000015
?i2___ftdiv                               cstackCOMRAM 000030
?i2___ftmul                               cstackCOMRAM 000021
?i2___ftneg                               cstackCOMRAM 000001
?i2___ftpack                              cstackCOMRAM 000001
?i2___ftsub                               cstackCOMRAM 000021
?i2___fttol                               cstackCOMRAM 000037
?i2___lldiv                               cstackCOMRAM 000001
?i2___llmod                               cstackCOMRAM 00000E
?i2___lltoft                              cstackCOMRAM 000009
?i2___wmul                                cstackCOMRAM 00000F
?i2__div_to_l_                            cstackCOMRAM 000001
?i2__doprnt                               cstackCOMRAM 000046
?i2__tdiv_to_l_                           cstackCOMRAM 000001
?i2_fround                                cstackCOMRAM 000030
?i2_scale                                 cstackCOMRAM 000030
EUSART1_Write@txData                      cstackBANK0  000085
INT0_SetInterruptHandler@InterruptHandler cstackBANK0  000085
TMR0_ReadTimer@readVal                    cstackCOMRAM 000007
TMR0_ReadTimer@readValHigh                cstackCOMRAM 00000A
TMR0_ReadTimer@readValLow                 cstackCOMRAM 000009
TMR0_SetInterruptHandler@InterruptHandler cstackBANK0  000085
_ANSELA                                   (abs)        000F38
_ANSELB                                   (abs)        000F39
_ANSELC                                   (abs)        000F3A
_BAUDCON1                                 (abs)        000FB8
_EUSART1_Initialize                       text39       0056D2
_EUSART1_Write                            text5        0056FC
_EXT_INT_Initialize                       text37       0056BA
_INT0_DefaultInterruptHandler             (abs)        000000
_INT0_ISR                                 text43       004CAA
_INT0_InterruptHandler                    nvBANK0      0000D1
_INT0_SetInterruptHandler                 text38       005748
_INTCON2bits                              (abs)        000FF1
_INTCONbits                               (abs)        000FF2
_INTERRUPT_Initialize                     text36       005760
_INTERRUPT_InterruptManager               intcode      000008
_LATA                                     (abs)        000F89
_LATAbits                                 (abs)        000F89
_LATB                                     (abs)        000F8A
_LATBbits                                 (abs)        000F8A
_LATC                                     (abs)        000F8B
_OSCCON                                   (abs)        000FD3
_OSCCON2                                  (abs)        000FD2
_OSCILLATOR_Initialize                    text35       005718
_OSCTUNE                                  (abs)        000F9B
_PIN_MANAGER_Initialize                   text34       005578
_PIR1bits                                 (abs)        000F9E
_RCONbits                                 (abs)        000FD0
_RCREG1                                   (abs)        000FAE
_RCSTA1                                   (abs)        000FAB
_RCSTA1bits                               (abs)        000FAB
_SPBRG1                                   (abs)        000FAF
_SPBRGH1                                  (abs)        000FB0
_SYSTEM_Initialize                        text30       0056A0
_T0CON                                    (abs)        000FD5
_T0CONbits                                (abs)        000FD5
_TMR0H                                    (abs)        000FD7
_TMR0L                                    (abs)        000FD6
_TMR0_DefaultInterruptHandler             text42       005684
_TMR0_ISR                                 text41       005516
_TMR0_Initialize                          text31       005332
_TMR0_InterruptHandler                    nvBANK0      0000D3
_TMR0_ReadTimer                           text71       0053C0
_TMR0_Reload                              text70       005732
_TMR0_SetInterruptHandler                 text33       00573E
_TMR0_StartTimer                          text32       00575C
_TMR0_StopTimer                           text69       005768
_TRISA                                    (abs)        000F92
_TRISB                                    (abs)        000F93
_TRISC                                    (abs)        000F94
_TXREG1                                   (abs)        000FAD
_TXSTA1                                   (abs)        000FAC
_WPUB                                     (abs)        000F61
__CFG_BOREN$SBORDIS                       (abs)        000000
__CFG_BORV$190                            (abs)        000000
__CFG_CCP2MX$PORTC1                       (abs)        000000
__CFG_CCP3MX$PORTB5                       (abs)        000000
__CFG_CP0$OFF                             (abs)        000000
__CFG_CP1$OFF                             (abs)        000000
__CFG_CP2$OFF                             (abs)        000000
__CFG_CP3$OFF                             (abs)        000000
__CFG_CPB$OFF                             (abs)        000000
__CFG_CPD$OFF                             (abs)        000000
__CFG_DEBUG$OFF                           (abs)        000000
__CFG_EBTR0$OFF                           (abs)        000000
__CFG_EBTR1$OFF                           (abs)        000000
__CFG_EBTR2$OFF                           (abs)        000000
__CFG_EBTR3$OFF                           (abs)        000000
__CFG_EBTRB$OFF                           (abs)        000000
__CFG_FCMEN$OFF                           (abs)        000000
__CFG_FOSC$HSMP                           (abs)        000000
__CFG_HFOFST$ON                           (abs)        000000
__CFG_IESO$OFF                            (abs)        000000
__CFG_LVP$ON                              (abs)        000000
__CFG_MCLRE$EXTMCLR                       (abs)        000000
__CFG_P2BMX$PORTB5                        (abs)        000000
__CFG_PBADEN$ON                           (abs)        000000
__CFG_PLLCFG$OFF                          (abs)        000000
__CFG_PRICLKEN$ON                         (abs)        000000
__CFG_PWRTEN$OFF                          (abs)        000000
__CFG_STVREN$ON                           (abs)        000000
__CFG_T3CMX$PORTC0                        (abs)        000000
__CFG_WDTEN$OFF                           (abs)        000000
__CFG_WDTPS$32768                         (abs)        000000
__CFG_WRT0$OFF                            (abs)        000000
__CFG_WRT1$OFF                            (abs)        000000
__CFG_WRT2$OFF                            (abs)        000000
__CFG_WRT3$OFF                            (abs)        000000
__CFG_WRTB$OFF                            (abs)        000000
__CFG_WRTC$OFF                            (abs)        000000
__CFG_WRTD$OFF                            (abs)        000000
__CFG_XINST$OFF                           (abs)        000000
__HRAM                                    (abs)        000000
__Habs1                                   abs1         000000
__Hbank0                                  bank0        000000
__Hbank1                                  bank1        000000
__Hbank2                                  bank2        000000
__Hbank3                                  bank3        000000
__Hbank4                                  bank4        000000
__Hbank5                                  bank5        000000
__Hbigbss                                 bigbss       000000
__Hbigdata                                bigdata      000000
__Hbigram                                 bigram       000000
__Hbss                                    bss          000000
__HbssBANK0                               bssBANK0     000000
__Hcinit                                  cinit        000000
__Hclrtext                                clrtext      000000
__Hcomram                                 comram       000000
__Hconfig                                 config       30000E
__Hconst                                  const        000000
__HcstackBANK0                            cstackBANK0  000000
__HcstackBANK1                            cstackBANK1  000000
__HcstackCOMRAM                           cstackCOMRAM 000000
__Hdata                                   data         000000
__HdataBANK0                              dataBANK0    000000
__Heeprom_data                            eeprom_data  000000
__Hend_init                               end_init     000098
__Hfarbss                                 farbss       000000
__Hfardata                                fardata      000000
__Hibigdata                               ibigdata     000000
__Hidata                                  idata        000000
__HidataBANK0                             idataBANK0   000000
__Hidloc                                  idloc        200008
__Hifardata                               ifardata     000000
__Hinit                                   init         000094
__Hintcode                                intcode      000094
__Hintcode_body                           intcode_body 000000
__Hintcodelo                              intcodelo    000094
__Hintentry                               intentry     000000
__Hintret                                 intret       000000
__Hintsave_regs                           intsave_regs 000000
__Hirdata                                 irdata       000000
__Hmediumconst                            mediumconst  000000
__HnvBANK0                                nvBANK0      000000
__HnvFARRAM                               nvFARRAM     000000
__Hnvbit                                  nvbit        000000
__Hnvrram                                 nvrram       000000
__Hparam                                  rparam       000000
__Hpowerup                                powerup      000094
__Hram                                    ram          000000
__Hramtop                                 ramtop       000600
__Hrbit                                   rbit         000000
__Hrbss                                   rbss         000000
__Hrdata                                  rdata        000000
__Hreset_vec                              reset_vec    000004
__Hrparam                                 rparam       000000
__Hsfr                                    sfr          000000
__Hsmallconst                             smallconst   0006C8
__Hspace_0                                (abs)        30000E
__Hspace_1                                (abs)        000149
__Hspace_2                                (abs)        000000
__Hstack                                  stack        000000
__Hstruct                                 struct       000000
__Htemp                                   temp         000060
__Htext                                   text         000000
__Htext0                                  text0        000000
__Htext1                                  text1        000000
__Htext10                                 text10       000000
__Htext11                                 text11       000000
__Htext12                                 text12       000000
__Htext13                                 text13       000000
__Htext14                                 text14       000000
__Htext15                                 text15       000000
__Htext16                                 text16       000000
__Htext17                                 text17       000000
__Htext18                                 text18       000000
__Htext19                                 text19       000000
__Htext2                                  text2        000000
__Htext20                                 text20       000000
__Htext21                                 text21       000000
__Htext22                                 text22       000000
__Htext23                                 text23       000000
__Htext24                                 text24       000000
__Htext25                                 text25       000000
__Htext26                                 text26       000000
__Htext27                                 text27       000000
__Htext28                                 text28       000000
__Htext29                                 text29       000000
__Htext3                                  text3        000000
__Htext30                                 text30       000000
__Htext31                                 text31       000000
__Htext32                                 text32       000000
__Htext33                                 text33       000000
__Htext34                                 text34       000000
__Htext35                                 text35       000000
__Htext36                                 text36       000000
__Htext37                                 text37       000000
__Htext38                                 text38       000000
__Htext39                                 text39       000000
__Htext4                                  text4        000000
__Htext41                                 text41       000000
__Htext42                                 text42       000000
__Htext43                                 text43       000000
__Htext44                                 text44       000000
__Htext45                                 text45       000000
__Htext46                                 text46       000000
__Htext47                                 text47       000000
__Htext48                                 text48       000000
__Htext49                                 text49       000000
__Htext5                                  text5        000000
__Htext50                                 text50       000000
__Htext51                                 text51       000000
__Htext52                                 text52       000000
__Htext53                                 text53       000000
__Htext54                                 text54       000000
__Htext55                                 text55       000000
__Htext56                                 text56       000000
__Htext57                                 text57       000000
__Htext58                                 text58       000000
__Htext59                                 text59       000000
__Htext6                                  text6        000000
__Htext60                                 text60       000000
__Htext61                                 text61       000000
__Htext62                                 text62       000000
__Htext63                                 text63       000000
__Htext64                                 text64       000000
__Htext65                                 text65       000000
__Htext66                                 text66       000000
__Htext67                                 text67       000000
__Htext68                                 text68       000000
__Htext69                                 text69       000000
__Htext7                                  text7        000000
__Htext70                                 text70       000000
__Htext71                                 text71       000000
__Htext72                                 text72       000000
__Htext8                                  text8        000000
__Htext9                                  text9        000000
__LRAM                                    (abs)        000001
__Labs1                                   abs1         000000
__Lbank0                                  bank0        000000
__Lbank1                                  bank1        000000
__Lbank2                                  bank2        000000
__Lbank3                                  bank3        000000
__Lbank4                                  bank4        000000
__Lbank5                                  bank5        000000
__Lbigbss                                 bigbss       000000
__Lbigdata                                bigdata      000000
__Lbigram                                 bigram       000000
__Lbss                                    bss          000000
__LbssBANK0                               bssBANK0     000000
__Lcinit                                  cinit        000000
__Lclrtext                                clrtext      000000
__Lcomram                                 comram       000000
__Lconfig                                 config       300000
__Lconst                                  const        000000
__LcstackBANK0                            cstackBANK0  000000
__LcstackBANK1                            cstackBANK1  000000
__LcstackCOMRAM                           cstackCOMRAM 000000
__Ldata                                   data         000000
__LdataBANK0                              dataBANK0    000000
__Leeprom_data                            eeprom_data  000000
__Lend_init                               end_init     000094
__Lfarbss                                 farbss       000000
__Lfardata                                fardata      000000
__Libigdata                               ibigdata     000000
__Lidata                                  idata        000000
__LidataBANK0                             idataBANK0   000000
__Lidloc                                  idloc        200000
__Lifardata                               ifardata     000000
__Linit                                   init         000094
__Lintcode                                intcode      000008
__Lintcode_body                           intcode_body 000000
__Lintcodelo                              intcodelo    000094
__Lintentry                               intentry     000000
__Lintret                                 intret       000000
__Lintsave_regs                           intsave_regs 000000
__Lirdata                                 irdata       000000
__Lmediumconst                            mediumconst  000000
__LnvBANK0                                nvBANK0      000000
__LnvFARRAM                               nvFARRAM     000000
__Lnvbit                                  nvbit        000000
__Lnvrram                                 nvrram       000000
__Lparam                                  rparam       000000
__Lpowerup                                powerup      000094
__Lram                                    ram          000000
__Lramtop                                 ramtop       000600
__Lrbit                                   rbit         000000
__Lrbss                                   rbss         000000
__Lrdata                                  rdata        000000
__Lreset_vec                              reset_vec    000000
__Lrparam                                 rparam       000000
__Lsfr                                    sfr          000000
__Lsmallconst                             smallconst   000600
__Lspace_0                                (abs)        000000
__Lspace_1                                (abs)        000000
__Lspace_2                                (abs)        000000
__Lstack                                  stack        000000
__Lstruct                                 struct       000000
__Ltemp                                   temp         00005F
__Ltext                                   text         000000
__Ltext0                                  text0        000000
__Ltext1                                  text1        000000
__Ltext10                                 text10       000000
__Ltext11                                 text11       000000
__Ltext12                                 text12       000000
__Ltext13                                 text13       000000
__Ltext14                                 text14       000000
__Ltext15                                 text15       000000
__Ltext16                                 text16       000000
__Ltext17                                 text17       000000
__Ltext18                                 text18       000000
__Ltext19                                 text19       000000
__Ltext2                                  text2        000000
__Ltext20                                 text20       000000
__Ltext21                                 text21       000000
__Ltext22                                 text22       000000
__Ltext23                                 text23       000000
__Ltext24                                 text24       000000
__Ltext25                                 text25       000000
__Ltext26                                 text26       000000
__Ltext27                                 text27       000000
__Ltext28                                 text28       000000
__Ltext29                                 text29       000000
__Ltext3                                  text3        000000
__Ltext30                                 text30       000000
__Ltext31                                 text31       000000
__Ltext32                                 text32       000000
__Ltext33                                 text33       000000
__Ltext34                                 text34       000000
__Ltext35                                 text35       000000
__Ltext36                                 text36       000000
__Ltext37                                 text37       000000
__Ltext38                                 text38       000000
__Ltext39                                 text39       000000
__Ltext4                                  text4        000000
__Ltext41                                 text41       000000
__Ltext42                                 text42       000000
__Ltext43                                 text43       000000
__Ltext44                                 text44       000000
__Ltext45                                 text45       000000
__Ltext46                                 text46       000000
__Ltext47                                 text47       000000
__Ltext48                                 text48       000000
__Ltext49                                 text49       000000
__Ltext5                                  text5        000000
__Ltext50                                 text50       000000
__Ltext51                                 text51       000000
__Ltext52                                 text52       000000
__Ltext53                                 text53       000000
__Ltext54                                 text54       000000
__Ltext55                                 text55       000000
__Ltext56                                 text56       000000
__Ltext57                                 text57       000000
__Ltext58                                 text58       000000
__Ltext59                                 text59       000000
__Ltext6                                  text6        000000
__Ltext60                                 text60       000000
__Ltext61                                 text61       000000
__Ltext62                                 text62       000000
__Ltext63                                 text63       000000
__Ltext64                                 text64       000000
__Ltext65                                 text65       000000
__Ltext66                                 text66       000000
__Ltext67                                 text67       000000
__Ltext68                                 text68       000000
__Ltext69                                 text69       000000
__Ltext7                                  text7        000000
__Ltext70                                 text70       000000
__Ltext71                                 text71       000000
__Ltext72                                 text72       000000
__Ltext8                                  text8        000000
__Ltext9                                  text9        000000
__S0                                      (abs)        30000E
__S1                                      (abs)        000149
__S2                                      (abs)        000000
___awdiv                                  text11       004A82
___awdiv@counter                          cstackBANK0  00008F
___awdiv@dividend                         cstackBANK0  00008B
___awdiv@divisor                          cstackBANK0  00008D
___awdiv@quotient                         cstackBANK0  000091
___awdiv@sign                             cstackBANK0  000090
___awmod                                  text10       004D52
___awmod@counter                          cstackBANK0  000089
___awmod@dividend                         cstackBANK0  000085
___awmod@divisor                          cstackBANK0  000087
___awmod@sign                             cstackBANK0  00008A
___ftadd                                  text19       0034BE
___ftadd@exp1                             cstackBANK1  000102
___ftadd@exp2                             cstackBANK1  000101
___ftadd@f1                               cstackBANK0  0000B2
___ftadd@f2                               cstackBANK0  0000B5
___ftadd@sign                             cstackBANK1  000100
___ftdiv                                  text28       0040F6
___ftdiv@cntr                             cstackBANK0  000096
___ftdiv@exp                              cstackBANK0  00009A
___ftdiv@f1                               cstackBANK0  00008D
___ftdiv@f2                               cstackBANK0  000090
___ftdiv@f3                               cstackBANK0  000097
___ftdiv@sign                             cstackBANK0  00009B
___ftge                                   text21       0049BA
___ftge@ff1                               cstackBANK0  000085
___ftge@ff2                               cstackBANK0  000088
___ftmul                                  text9        003E3E
___ftmul@cntr                             cstackBANK0  0000A6
___ftmul@exp                              cstackBANK0  0000A2
___ftmul@f1                               cstackBANK0  000099
___ftmul@f2                               cstackBANK0  00009C
___ftmul@f3_as_product                    cstackBANK0  0000A3
___ftmul@sign                             cstackBANK0  0000A7
___ftneg                                  text20       005548
___ftneg@f1                               cstackBANK0  000085
___ftpack                                 text29       0045E0
___ftpack@arg                             cstackBANK0  000085
___ftpack@exp                             cstackBANK0  000088
___ftpack@sign                            cstackBANK0  000089
___ftsub                                  text18       00529E
___ftsub@f1                               cstackBANK1  000103
___ftsub@f2                               cstackBANK1  000106
___fttol                                  text17       004242
___fttol@exp1                             cstackBANK1  000105
___fttol@f1                               cstackBANK0  0000AF
___fttol@lval                             cstackBANK1  000101
___fttol@sign1                            cstackBANK1  000100
___inthi_sp                               stack        000000
___intlo_sp                               stack        000000
___lldiv                                  text16       004B40
___lldiv@counter                          cstackBANK0  000091
___lldiv@dividend                         cstackBANK0  000085
___lldiv@divisor                          cstackBANK0  000089
___lldiv@quotient                         cstackBANK0  00008D
___llmod                                  text15       004DF4
___llmod@counter                          cstackBANK0  00009A
___llmod@dividend                         cstackBANK0  000092
___llmod@divisor                          cstackBANK0  000096
___lltoft                                 text14       005024
___lltoft@c                               cstackBANK0  00008D
___lltoft@exp                             cstackBANK0  000095
___lwtoft                                 text67       005642
___lwtoft@c                               cstackCOMRAM 000009
___param_bank                             (abs)        000010
___rparam_used                            (abs)        000001
___sp                                     stack        000000
___wmul                                   text8        005442
___wmul@multiplicand                      cstackBANK0  000095
___wmul@multiplier                        cstackBANK0  000093
___wmul@product                           cstackBANK0  000097
__accesstop                               (abs)        000060
__activetblptr                            (abs)        000002
__div_to_l_                               text13       003CB6
__div_to_l_@cntr                          cstackBANK0  00008F
__div_to_l_@exp1                          cstackBANK0  000090
__div_to_l_@f1                            cstackBANK0  000085
__div_to_l_@f2                            cstackBANK0  000088
__div_to_l_@quot                          cstackBANK0  00008B
__doprnt                                  text2        0006C8
__doprnt$1622                             cstackBANK1  000115
__doprnt@ap                               cstackBANK1  00010D
__doprnt@c                                cstackBANK1  00012B
__doprnt@exp                              cstackBANK1  00011C
__doprnt@f                                cstackBANK1  00010B
__doprnt@flag                             cstackBANK1  000122
__doprnt@fval                             cstackBANK1  000126
__doprnt@pb                               cstackBANK1  000109
__doprnt@prec                             cstackBANK1  000129
__doprnt@tmpval                           cstackBANK1  00011E
__doprnt@val                              cstackBANK1  000118
__doprnt@width                            cstackBANK1  000124
__end_of_EUSART1_Initialize               text39       0056E8
__end_of_EUSART1_Write                    text5        00570A
__end_of_EXT_INT_Initialize               text37       0056D2
__end_of_INT0_ISR                         text43       004D52
__end_of_INT0_SetInterruptHandler         text38       005752
__end_of_INTERRUPT_Initialize             text36       005764
__end_of_INTERRUPT_InterruptManager       intcode      000094
__end_of_OSCILLATOR_Initialize            text35       005726
__end_of_PIN_MANAGER_Initialize           text34       0055A8
__end_of_SYSTEM_Initialize                text30       0056BA
__end_of_TMR0_DefaultInterruptHandler     text42       0056A0
__end_of_TMR0_ISR                         text41       005548
__end_of_TMR0_Initialize                  text31       00537A
__end_of_TMR0_ReadTimer                   text71       005402
__end_of_TMR0_Reload                      text70       00573E
__end_of_TMR0_SetInterruptHandler         text33       005748
__end_of_TMR0_StartTimer                  text32       005760
__end_of_TMR0_StopTimer                   text69       00576C
__end_of___awdiv                          text11       004B40
__end_of___awmod                          text10       004DF4
__end_of___ftadd                          text19       003726
__end_of___ftdiv                          text28       004242
__end_of___ftge                           text21       004A82
__end_of___ftmul                          text9        003F9C
__end_of___ftneg                          text20       005578
__end_of___ftpack                         text29       0046EC
__end_of___ftsub                          text18       0052EA
__end_of___fttol                          text17       004386
__end_of___lldiv                          text16       004BFC
__end_of___llmod                          text15       004E8E
__end_of___lltoft                         text14       0050A0
__end_of___lwtoft                         text67       005666
__end_of___wmul                           text8        005478
__end_of__div_to_l_                       text13       003E3E
__end_of__doprnt                          text2        001898
__end_of__initialization                  cinit        005508
__end_of__lcd_Port                        text27       0054AE
__end_of__npowers_                        smallconst   000650
__end_of__powers_                         smallconst   000677
__end_of__tdiv_to_l_                      text12       003CB6
__end_of_dpowers                          smallconst   000629
__end_of_fround                           text7        0034BE
__end_of_isdigit                          text6        0055D2
__end_of_lcd_clear                        text25       005718
__end_of_lcd_init                         text24       00511A
__end_of_lcd_sendChar                     text23       0053C0
__end_of_lcd_sendCommand                  text26       0055F8
__end_of_lcd_sendString                   text22       005332
__end_of_main                             text0        0040F6
__end_of_printf                           text46       0054E4
__end_of_putch                            text4        0056FC
__end_of_scale                            text3        002E22
__end_of_sprintf                          text1        00529E
__end_ofi2_EUSART1_Write                  text50       005732
__end_ofi2_TMR0_StartTimer                text45       005768
__end_ofi2___awdiv                        text56       004FA2
__end_ofi2___awmod                        text55       00518A
__end_ofi2___ftadd                        text64       003B18
__end_ofi2___ftdiv                        text44       0049BA
__end_ofi2___ftge                         text66       004F1E
__end_ofi2___ftmul                        text54       0047E0
__end_ofi2___ftneg                        text65       005642
__end_ofi2___ftpack                       text68       004CAA
__end_ofi2___ftsub                        text63       005442
__end_ofi2___fttol                        text62       0048D4
__end_ofi2___lldiv                        text61       005024
__end_ofi2___llmod                        text60       0051F0
__end_ofi2___lltoft                       text59       00524C
__end_ofi2___wmul                         text53       00561E
__end_ofi2__div_to_l_                     text58       0045E0
__end_ofi2__doprnt                        text47       002974
__end_ofi2__tdiv_to_l_                    text57       0044B8
__end_ofi2_fround                         text52       00396C
__end_ofi2_isdigit                        text51       005684
__end_ofi2_putch                          text49       00575C
__end_ofi2_scale                          text48       003212
__initialization                          cinit        0054E4
__lcd_Port                                text27       005478
__lcd_Port@a                              cstackBANK0  000085
__mediumconst                             mediumconst  000000
__npowers_                                smallconst   000629
__pbssBANK0                               bssBANK0     0000BB
__pcinit                                  cinit        0054E4
__pcstackBANK0                            cstackBANK0  000060
__pcstackBANK1                            cstackBANK1  000100
__pcstackCOMRAM                           cstackCOMRAM 000001
__pdataBANK0                              dataBANK0    0000D7
__pidataBANK0                             idataBANK0   00576C
__pintcode                                intcode      000008
__pnvBANK0                                nvBANK0      0000D1
__powers_                                 smallconst   000650
__psmallconst                             smallconst   000600
__ptext0                                  text0        003F9C
__ptext1                                  text1        00524C
__ptext10                                 text10       004D52
__ptext11                                 text11       004A82
__ptext12                                 text12       003B18
__ptext13                                 text13       003CB6
__ptext14                                 text14       005024
__ptext15                                 text15       004DF4
__ptext16                                 text16       004B40
__ptext17                                 text17       004242
__ptext18                                 text18       00529E
__ptext19                                 text19       0034BE
__ptext2                                  text2        0006C8
__ptext20                                 text20       005548
__ptext21                                 text21       0049BA
__ptext22                                 text22       0052EA
__ptext23                                 text23       00537A
__ptext24                                 text24       0050A0
__ptext25                                 text25       00570A
__ptext26                                 text26       0055D2
__ptext27                                 text27       005478
__ptext28                                 text28       0040F6
__ptext29                                 text29       0045E0
__ptext3                                  text3        002974
__ptext30                                 text30       0056A0
__ptext31                                 text31       005332
__ptext32                                 text32       00575C
__ptext33                                 text33       00573E
__ptext34                                 text34       005578
__ptext35                                 text35       005718
__ptext36                                 text36       005760
__ptext37                                 text37       0056BA
__ptext38                                 text38       005748
__ptext39                                 text39       0056D2
__ptext4                                  text4        0056E8
__ptext41                                 text41       005516
__ptext42                                 text42       005684
__ptext43                                 text43       004CAA
__ptext44                                 text44       0048D4
__ptext45                                 text45       005764
__ptext46                                 text46       0054AE
__ptext47                                 text47       001898
__ptext48                                 text48       002E22
__ptext49                                 text49       005752
__ptext5                                  text5        0056FC
__ptext50                                 text50       005726
__ptext51                                 text51       005666
__ptext52                                 text52       003726
__ptext53                                 text53       0055F8
__ptext54                                 text54       0046EC
__ptext55                                 text55       00511A
__ptext56                                 text56       004F1E
__ptext57                                 text57       004386
__ptext58                                 text58       0044B8
__ptext59                                 text59       0051F0
__ptext6                                  text6        0055A8
__ptext60                                 text60       00518A
__ptext61                                 text61       004FA2
__ptext62                                 text62       0047E0
__ptext63                                 text63       005402
__ptext64                                 text64       00396C
__ptext65                                 text65       00561E
__ptext66                                 text66       004E8E
__ptext67                                 text67       005642
__ptext68                                 text68       004BFC
__ptext69                                 text69       005768
__ptext7                                  text7        003212
__ptext70                                 text70       005732
__ptext71                                 text71       0053C0
__ptext72                                 text72       000000
__ptext8                                  text8        005442
__ptext9                                  text9        003E3E
__ramtop                                  ramtop       000600
__size_of_EUSART1_Initialize              (abs)        000000
__size_of_EUSART1_Write                   (abs)        000000
__size_of_EXT_INT_Initialize              (abs)        000000
__size_of_INT0_ISR                        (abs)        000000
__size_of_INT0_SetInterruptHandler        (abs)        000000
__size_of_INTERRUPT_Initialize            (abs)        000000
__size_of_INTERRUPT_InterruptManager      (abs)        000000
__size_of_OSCILLATOR_Initialize           (abs)        000000
__size_of_PIN_MANAGER_Initialize          (abs)        000000
__size_of_SYSTEM_Initialize               (abs)        000000
__size_of_TMR0_DefaultInterruptHandler    (abs)        000000
__size_of_TMR0_ISR                        (abs)        000000
__size_of_TMR0_Initialize                 (abs)        000000
__size_of_TMR0_ReadTimer                  (abs)        000000
__size_of_TMR0_Reload                     (abs)        000000
__size_of_TMR0_SetInterruptHandler        (abs)        000000
__size_of_TMR0_StartTimer                 (abs)        000000
__size_of_TMR0_StopTimer                  (abs)        000000
__size_of___awdiv                         (abs)        000000
__size_of___awmod                         (abs)        000000
__size_of___ftadd                         (abs)        000000
__size_of___ftdiv                         (abs)        000000
__size_of___ftge                          (abs)        000000
__size_of___ftmul                         (abs)        000000
__size_of___ftneg                         (abs)        000000
__size_of___ftpack                        (abs)        000000
__size_of___ftsub                         (abs)        000000
__size_of___fttol                         (abs)        000000
__size_of___lldiv                         (abs)        000000
__size_of___llmod                         (abs)        000000
__size_of___lltoft                        (abs)        000000
__size_of___lwtoft                        (abs)        000000
__size_of___wmul                          (abs)        000000
__size_of__div_to_l_                      (abs)        000000
__size_of__doprnt                         (abs)        000000
__size_of__lcd_Port                       (abs)        000000
__size_of__tdiv_to_l_                     (abs)        000000
__size_of_fround                          (abs)        000000
__size_of_isdigit                         (abs)        000000
__size_of_lcd_clear                       (abs)        000000
__size_of_lcd_init                        (abs)        000000
__size_of_lcd_sendChar                    (abs)        000000
__size_of_lcd_sendCommand                 (abs)        000000
__size_of_lcd_sendString                  (abs)        000000
__size_of_main                            (abs)        000000
__size_of_printf                          (abs)        000000
__size_of_putch                           (abs)        000000
__size_of_scale                           (abs)        000000
__size_of_sprintf                         (abs)        000000
__size_ofi2_EUSART1_Write                 (abs)        000000
__size_ofi2_TMR0_StartTimer               (abs)        000000
__size_ofi2___awdiv                       (abs)        000000
__size_ofi2___awmod                       (abs)        000000
__size_ofi2___ftadd                       (abs)        000000
__size_ofi2___ftdiv                       (abs)        000000
__size_ofi2___ftge                        (abs)        000000
__size_ofi2___ftmul                       (abs)        000000
__size_ofi2___ftneg                       (abs)        000000
__size_ofi2___ftpack                      (abs)        000000
__size_ofi2___ftsub                       (abs)        000000
__size_ofi2___fttol                       (abs)        000000
__size_ofi2___lldiv                       (abs)        000000
__size_ofi2___llmod                       (abs)        000000
__size_ofi2___lltoft                      (abs)        000000
__size_ofi2___wmul                        (abs)        000000
__size_ofi2__div_to_l_                    (abs)        000000
__size_ofi2__doprnt                       (abs)        000000
__size_ofi2__tdiv_to_l_                   (abs)        000000
__size_ofi2_fround                        (abs)        000000
__size_ofi2_isdigit                       (abs)        000000
__size_ofi2_putch                         (abs)        000000
__size_ofi2_scale                         (abs)        000000
__smallconst                              smallconst   000600
__tdiv_to_l_                              text12       003B18
__tdiv_to_l_@cntr                         cstackBANK0  000092
__tdiv_to_l_@exp1                         cstackBANK0  000093
__tdiv_to_l_@f1                           cstackBANK0  000085
__tdiv_to_l_@f2                           cstackBANK0  000088
__tdiv_to_l_@quot                         cstackBANK0  00008E
_dpowers                                  smallconst   000601
_fround                                   text7        003212
_fround$1619                              cstackBANK0  0000AE
_fround$1620                              cstackBANK0  0000AB
_isdigit                                  text6        0055A8
_isdigit$1164                             cstackBANK0  000086
_lcd_clear                                text25       00570A
_lcd_init                                 text24       0050A0
_lcd_sendChar                             text23       00537A
_lcd_sendCommand                          text26       0055D2
_lcd_sendString                           text22       0052EA
_main                                     text0        003F9C
_printf                                   text46       0054AE
_putch                                    text4        0056E8
_putch$intlevel0                          text4        0056EE
_reading                                  bssBANK0     0000CF
_result                                   bssBANK0     0000BB
_scale                                    text3        002974
_scale$1621                               cstackBANK0  0000AB
_sprintf                                  text1        00524C
_timer0ReloadVal                          nvBANK0      0000D5
_units                                    dataBANK0    0000D7
btemp                                     temp         00005F
end_of_initialization                     cinit        005508
fround@prec                               cstackBANK0  0000B1
ftoa@buf                                  bssBANK0     0000BE
i2EUSART1_Write@txData                    cstackCOMRAM 000001
i2_EUSART1_Write                          text50       005726
i2_TMR0_StartTimer                        text45       005764
i2___awdiv                                text56       004F1E
i2___awdiv@counter                        cstackCOMRAM 00000B
i2___awdiv@dividend                       cstackCOMRAM 000007
i2___awdiv@divisor                        cstackCOMRAM 000009
i2___awdiv@quotient                       cstackCOMRAM 00000D
i2___awdiv@sign                           cstackCOMRAM 00000C
i2___awmod                                text55       00511A
i2___awmod@counter                        cstackCOMRAM 000005
i2___awmod@dividend                       cstackCOMRAM 000001
i2___awmod@divisor                        cstackCOMRAM 000003
i2___awmod@sign                           cstackCOMRAM 000006
i2___ftadd                                text64       00396C
i2___ftadd@exp1                           cstackCOMRAM 000020
i2___ftadd@exp2                           cstackCOMRAM 00001F
i2___ftadd@f1                             cstackCOMRAM 000015
i2___ftadd@f2                             cstackCOMRAM 000018
i2___ftadd@sign                           cstackCOMRAM 00001E
i2___ftdiv                                text44       0048D4
i2___ftdiv@cntr                           cstackCOMRAM 000039
i2___ftdiv@exp                            cstackCOMRAM 00003D
i2___ftdiv@f1                             cstackCOMRAM 000030
i2___ftdiv@f2                             cstackCOMRAM 000033
i2___ftdiv@f3                             cstackCOMRAM 00003A
i2___ftdiv@sign                           cstackCOMRAM 00003E
i2___ftge                                 text66       004E8E
i2___ftge@ff1                             cstackCOMRAM 000001
i2___ftge@ff2                             cstackCOMRAM 000004
i2___ftmul                                text54       0046EC
i2___ftmul@cntr                           cstackCOMRAM 00002E
i2___ftmul@exp                            cstackCOMRAM 00002A
i2___ftmul@f1                             cstackCOMRAM 000021
i2___ftmul@f2                             cstackCOMRAM 000024
i2___ftmul@f3_as_product                  cstackCOMRAM 00002B
i2___ftmul@sign                           cstackCOMRAM 00002F
i2___ftneg                                text65       00561E
i2___ftneg@f1                             cstackCOMRAM 000001
i2___ftpack                               text68       004BFC
i2___ftpack@arg                           cstackCOMRAM 000001
i2___ftpack@exp                           cstackCOMRAM 000004
i2___ftpack@sign                          cstackCOMRAM 000005
i2___ftsub                                text63       005402
i2___ftsub@f1                             cstackCOMRAM 000021
i2___ftsub@f2                             cstackCOMRAM 000024
i2___fttol                                text62       0047E0
i2___fttol@exp1                           cstackCOMRAM 000045
i2___fttol@f1                             cstackCOMRAM 000037
i2___fttol@lval                           cstackCOMRAM 000041
i2___fttol@sign1                          cstackCOMRAM 000040
i2___lldiv                                text61       004FA2
i2___lldiv@counter                        cstackCOMRAM 00000D
i2___lldiv@dividend                       cstackCOMRAM 000001
i2___lldiv@divisor                        cstackCOMRAM 000005
i2___lldiv@quotient                       cstackCOMRAM 000009
i2___llmod                                text60       00518A
i2___llmod@counter                        cstackCOMRAM 000016
i2___llmod@dividend                       cstackCOMRAM 00000E
i2___llmod@divisor                        cstackCOMRAM 000012
i2___lltoft                               text59       0051F0
i2___lltoft@c                             cstackCOMRAM 000009
i2___lltoft@exp                           cstackCOMRAM 000011
i2___wmul                                 text53       0055F8
i2___wmul@multiplicand                    cstackCOMRAM 000011
i2___wmul@multiplier                      cstackCOMRAM 00000F
i2___wmul@product                         cstackCOMRAM 000013
i2__div_to_l_                             text58       0044B8
i2__div_to_l_@cntr                        cstackCOMRAM 00000B
i2__div_to_l_@exp1                        cstackCOMRAM 00000C
i2__div_to_l_@f1                          cstackCOMRAM 000001
i2__div_to_l_@f2                          cstackCOMRAM 000004
i2__div_to_l_@quot                        cstackCOMRAM 000007
i2__doprnt                                text47       001898
i2__doprnt$1804                           cstackBANK0  000060
i2__doprnt@ap                             cstackCOMRAM 00004A
i2__doprnt@c                              cstackBANK0  000076
i2__doprnt@exp                            cstackBANK0  000067
i2__doprnt@f                              cstackCOMRAM 000048
i2__doprnt@flag                           cstackBANK0  000070
i2__doprnt@fval                           cstackBANK0  00006D
i2__doprnt@pb                             cstackCOMRAM 000046
i2__doprnt@prec                           cstackBANK0  000074
i2__doprnt@tmpval                         cstackBANK0  000069
i2__doprnt@val                            cstackBANK0  000063
i2__doprnt@width                          cstackBANK0  000072
i2__tdiv_to_l_                            text57       004386
i2__tdiv_to_l_@cntr                       cstackCOMRAM 00000E
i2__tdiv_to_l_@exp1                       cstackCOMRAM 00000F
i2__tdiv_to_l_@f1                         cstackCOMRAM 000001
i2__tdiv_to_l_@f2                         cstackCOMRAM 000004
i2__tdiv_to_l_@quot                       cstackCOMRAM 00000A
i2_fround                                 text52       003726
i2_fround$1801                            cstackCOMRAM 000036
i2_fround$1802                            cstackCOMRAM 000033
i2_isdigit                                text51       005666
i2_isdigit$1164                           cstackCOMRAM 000002
i2_putch                                  text49       005752
i2_scale                                  text48       002E22
i2_scale$1803                             cstackCOMRAM 000033
i2fround@prec                             cstackCOMRAM 000039
i2isdigit@c                               cstackCOMRAM 000003
i2putch@txData                            cstackCOMRAM 000002
i2scale@scl                               cstackCOMRAM 000036
int$flags                                 temp         00005F
intlevel0                                 text         000000
intlevel1                                 text         000000
intlevel2                                 text         000000
intlevel3                                 text         000000
isdigit@c                                 cstackBANK0  000087
lcd_sendChar@a                            cstackBANK0  000088
lcd_sendChar@temp                         cstackBANK0  000086
lcd_sendChar@y                            cstackBANK0  000087
lcd_sendCommand@a                         cstackBANK0  000087
lcd_sendString@a                          cstackBANK0  000089
lcd_sendString@i                          cstackBANK0  00008B
main@cap_string                           cstackBANK1  000139
printf@ap                                 cstackCOMRAM 000059
printf@f                                  cstackCOMRAM 000052
printf@pb                                 cstackCOMRAM 00005B
putch@txData                              cstackBANK0  000086
scale@scl                                 cstackBANK0  0000AE
sprintf@ap                                cstackBANK1  000133
sprintf@f                                 cstackBANK1  00012E
sprintf@pb                                cstackBANK1  000135
sprintf@wh                                cstackBANK1  00012C
stackhi                                   (abs)        0005FF
stacklo                                   (abs)        000149
start                                     init         000094
start_initialization                      cinit        0054E4


FUNCTION INFORMATION:

 *************** function _main *****************
 Defined at:
		line 8 in file "main.c"
 Parameters:    Size  Location     Type
		None
 Auto vars:     Size  Location     Type
  cap_string     16   57[BANK1 ] unsigned char [16]
 Return value:  Size  Location     Type
                  1    wreg      void 
 Registers used:
		wreg, fsr2l, fsr2h, status,2, status,0, pclat, tosl, tblptrl, tblptrh, tblptru, prodl, prodh, cstack
 Tracked objects:
		On entry : 
		On exit  : 
		Unchanged: 
 Data sizes:     COMRAM   BANK0   BANK1   BANK2   BANK3   BANK4   BANK5
      Params:         0       0       0       0       0       0       0
      Locals:         0       0      16       0       0       0       0
      Temps:          0       0       0       0       0       0       0
      Totals:         0       0      16       0       0       0       0
Total ram usage:       16 bytes
 Hardware stack levels required when called:   12
 This function calls:
		_SYSTEM_Initialize
		___ftdiv
		___ftge
		_lcd_clear
		_lcd_init
		_lcd_sendString
		_sprintf
 This function is called by:
		Startup code after reset
 This function uses a non-reentrant model


 *************** function _sprintf *****************
 Defined at:
		line 13 in file "C:\Program Files (x86)\Microchip\xc8\v1.38\sources\common\sprintf.c"
 Parameters:    Size  Location     Type
  wh              2   44[BANK1 ] PTR unsigned char 
		 -> ftoa@buf(17), main@cap_string(16), 
  f               2   46[BANK1 ] PTR const unsigned char 
		 -> STR_5(11), STR_4(11), STR_3(11), STR_2(11), 
 Auto vars:     Size  Location     Type
  pb              4   53[BANK1 ] struct __prbuf
  ap              2   51[BANK1 ] PTR void [1]
		 -> ?_sprintf(2), ?_printf(2), 
 Return value:  Size  Location     Type
                  2   44[BANK1 ] int 
 Registers used:
		wreg, fsr2l, fsr2h, status,2, status,0, pclat, tosl, tblptrl, tblptrh, tblptru, prodl, prodh, cstack
 Tracked objects:
		On entry : 
		On exit  : 
		Unchanged: 
 Data sizes:     COMRAM   BANK0   BANK1   BANK2   BANK3   BANK4   BANK5
      Params:         0       0       7       0       0       0       0
      Locals:         0       0       6       0       0       0       0
      Temps:          0       0       0       0       0       0       0
      Totals:         0       0      13       0       0       0       0
Total ram usage:       13 bytes
 Hardware stack levels used:    1
 Hardware stack levels required when called:   11
 This function calls:
		__doprnt
 This function is called by:
		_main
 This function uses a non-reentrant model


 *************** function __doprnt *****************
 Defined at:
		line 458 in file "C:\Program Files (x86)\Microchip\xc8\v1.38\sources\common\doprnt.c"
 Parameters:    Size  Location     Type
  pb              2    9[BANK1 ] PTR struct __prbuf
		 -> sprintf@pb(4), printf@pb(4), 
  f               2   11[BANK1 ] PTR const unsigned char 
		 -> STR_5(11), STR_4(11), STR_3(11), STR_2(11), 
[...]
 Parameters:    Size  Location     Type
  dividend        4    0[COMRAM] unsigned long 
  divisor         4    4[COMRAM] unsigned long 
 Auto vars:     Size  Location     Type
  __lldiv         4    8[COMRAM] unsigned long 
  __lldiv         1   12[COMRAM] unsigned char 
 Return value:  Size  Location     Type
                  4    0[COMRAM] unsigned long 
 Registers used:
		wreg, status,2, status,0
 Tracked objects:
		On entry : 
		On exit  : 
		Unchanged: 
 Data sizes:     COMRAM   BANK0   BANK1   BANK2   BANK3   BANK4   BANK5
      Params:         8       0       0       0       0       0       0
      Locals:         5       0       0       0       0       0       0
      Temps:          0       0       0       0       0       0       0
      Totals:        13       0       0       0       0       0       0
Total ram usage:       13 bytes
 Hardware stack levels used:    1
 This function calls:
		Nothing
 This function is called by:
		i2__doprnt
 This function uses a non-reentrant model


 *************** function i2___fttol *****************
 Defined at:
		line 44 in file "C:\Program Files (x86)\Microchip\xc8\v1.38\sources\common\fttol.c"
 Parameters:    Size  Location     Type
  f1              3   54[COMRAM] float 
 Auto vars:     Size  Location     Type
  __fttol         4   64[COMRAM] unsigned long 
  __fttol         1   68[COMRAM] unsigned char 
  __fttol         1   63[COMRAM] unsigned char 
 Return value:  Size  Location     Type
                  4   54[COMRAM] long 
 Registers used:
		wreg, status,2, status,0
 Tracked objects:
		On entry : 
		On exit  : 
		Unchanged: 
 Data sizes:     COMRAM   BANK0   BANK1   BANK2   BANK3   BANK4   BANK5
      Params:         4       0       0       0       0       0       0
      Locals:         6       0       0       0       0       0       0
      Temps:          5       0       0       0       0       0       0
      Totals:        15       0       0       0       0       0       0
Total ram usage:       15 bytes
 Hardware stack levels used:    1
 This function calls:
		Nothing
 This function is called by:
		i2__doprnt
 This function uses a non-reentrant model


 *************** function i2___ftsub *****************
 Defined at:
		line 20 in file "C:\Program Files (x86)\Microchip\xc8\v1.38\sources\common\ftsub.c"
 Parameters:    Size  Location     Type
  f1              3   32[COMRAM] float 
  f2              3   35[COMRAM] float 
 Auto vars:     Size  Location     Type
		None
 Return value:  Size  Location     Type
                  3   32[COMRAM] float 
 Registers used:
		wreg, status,2, status,0, cstack
 Tracked objects:
		On entry : 
		On exit  : 
		Unchanged: 
 Data sizes:     COMRAM   BANK0   BANK1   BANK2   BANK3   BANK4   BANK5
      Params:         6       0       0       0       0       0       0
      Locals:         0       0       0       0       0       0       0
      Temps:          0       0       0       0       0       0       0
      Totals:         6       0       0       0       0       0       0
Total ram usage:        6 bytes
 Hardware stack levels used:    1
 Hardware stack levels required when called:    2
 This function calls:
		i2___ftadd
 This function is called by:
		i2__doprnt
 This function uses a non-reentrant model


 *************** function i2___ftadd *****************
 Defined at:
		line 86 in file "C:\Program Files (x86)\Microchip\xc8\v1.38\sources\common\ftadd.c"
 Parameters:    Size  Location     Type
  f1              3   20[COMRAM] float 
  f2              3   23[COMRAM] float 
 Auto vars:     Size  Location     Type
  __ftadd         1   31[COMRAM] unsigned char 
  __ftadd         1   30[COMRAM] unsigned char 
  __ftadd         1   29[COMRAM] unsigned char 
 Return value:  Size  Location     Type
                  3   20[COMRAM] float 
 Registers used:
		wreg, status,2, status,0, cstack
 Tracked objects:
		On entry : 
		On exit  : 
		Unchanged: 
 Data sizes:     COMRAM   BANK0   BANK1   BANK2   BANK3   BANK4   BANK5
      Params:         6       0       0       0       0       0       0
      Locals:         3       0       0       0       0       0       0
      Temps:          3       0       0       0       0       0       0
      Totals:        12       0       0       0       0       0       0
Total ram usage:       12 bytes
 Hardware stack levels used:    1
 Hardware stack levels required when called:    1
 This function calls:
		i2___ftpack
 This function is called by:
		_INT0_ISR
		i2__doprnt
		i2___ftsub
 This function uses a non-reentrant model


 *************** function i2___ftneg *****************
 Defined at:
		line 15 in file "C:\Program Files (x86)\Microchip\xc8\v1.38\sources\common\ftneg.c"
 Parameters:    Size  Location     Type
  f1              3    0[COMRAM] float 
 Auto vars:     Size  Location     Type
		None
 Return value:  Size  Location     Type
                  3    0[COMRAM] float 
 Registers used:
		wreg, status,2, status,0
 Tracked objects:
		On entry : 
		On exit  : 
		Unchanged: 
 Data sizes:     COMRAM   BANK0   BANK1   BANK2   BANK3   BANK4   BANK5
      Params:         3       0       0       0       0       0       0
      Locals:         0       0       0       0       0       0       0
      Temps:          0       0       0       0       0       0       0
      Totals:         3       0       0       0       0       0       0
Total ram usage:        3 bytes
 Hardware stack levels used:    1
 This function calls:
		Nothing
 This function is called by:
		i2__doprnt
 This function uses a non-reentrant model


 *************** function i2___ftge *****************
 Defined at:
		line 4 in file "C:\Program Files (x86)\Microchip\xc8\v1.38\sources\common\ftge.c"
 Parameters:    Size  Location     Type
  ff1             3    0[COMRAM] float 
  ff2             3    3[COMRAM] float 
 Auto vars:     Size  Location     Type
		None
 Return value:  Size  Location     Type
		None               void
 Registers used:
		wreg, status,2, status,0
 Tracked objects:
		On entry : 
		On exit  : 
		Unchanged: 
 Data sizes:     COMRAM   BANK0   BANK1   BANK2   BANK3   BANK4   BANK5
      Params:         6       0       0       0       0       0       0
      Locals:         0       0       0       0       0       0       0
      Temps:          3       0       0       0       0       0       0
      Totals:         9       0       0       0       0       0       0
Total ram usage:        9 bytes
 Hardware stack levels used:    1
 This function calls:
		Nothing
 This function is called by:
		i2__doprnt
 This function uses a non-reentrant model


 *************** function ___lwtoft *****************
 Defined at:
		line 28 in file "C:\Program Files (x86)\Microchip\xc8\v1.38\sources\common\lwtoft.c"
 Parameters:    Size  Location     Type
  c               2    8[COMRAM] unsigned int 
 Auto vars:     Size  Location     Type
		None
 Return value:  Size  Location     Type
                  3    8[COMRAM] float 
 Registers used:
		wreg, status,2, status,0, cstack
 Tracked objects:
		On entry : 
		On exit  : 
		Unchanged: 
 Data sizes:     COMRAM   BANK0   BANK1   BANK2   BANK3   BANK4   BANK5
      Params:         3       0       0       0       0       0       0
      Locals:         0       0       0       0       0       0       0
      Temps:          0       0       0       0       0       0       0
      Totals:         3       0       0       0       0       0       0
Total ram usage:        3 bytes
 Hardware stack levels used:    1
 Hardware stack levels required when called:    1
 This function calls:
		i2___ftpack
 This function is called by:
		_INT0_ISR
 This function uses a non-reentrant model


 *************** function i2___ftpack *****************
 Defined at:
		line 62 in file "C:\Program Files (x86)\Microchip\xc8\v1.38\sources\common\float.c"
 Parameters:    Size  Location     Type
  arg             3    0[COMRAM] unsigned um
  exp             1    3[COMRAM] unsigned char 
  sign            1    4[COMRAM] unsigned char 
 Auto vars:     Size  Location     Type
		None
 Return value:  Size  Location     Type
                  3    0[COMRAM] float 
 Registers used:
		wreg, status,2, status,0
 Tracked objects:
		On entry : 
		On exit  : 
		Unchanged: 
 Data sizes:     COMRAM   BANK0   BANK1   BANK2   BANK3   BANK4   BANK5
      Params:         5       0       0       0       0       0       0
      Locals:         0       0       0       0       0       0       0
      Temps:          3       0       0       0       0       0       0
      Totals:         8       0       0       0       0       0       0
Total ram usage:        8 bytes
 Hardware stack levels used:    1
 This function calls:
		Nothing
 This function is called by:
		___lwtoft
		i2___ftadd
		i2___ftdiv
		i2___ftmul
		i2___lltoft
 This function uses a non-reentrant model


 *************** function _TMR0_StopTimer *****************
 Defined at:
		line 49 in file "mcc_generated_files/tmr0.c"
 Parameters:    Size  Location     Type
		None
 Auto vars:     Size  Location     Type
		None
 Return value:  Size  Location     Type
                  1    wreg      void 
 Registers used:
		None
 Tracked objects:
		On entry : 
		On exit  : 
		Unchanged: 
 Data sizes:     COMRAM   BANK0   BANK1   BANK2   BANK3   BANK4   BANK5
      Params:         0       0       0       0       0       0       0
      Locals:         0       0       0       0       0       0       0
      Temps:          0       0       0       0       0       0       0
      Totals:         0       0       0       0       0       0       0
Total ram usage:        0 bytes
 Hardware stack levels used:    1
 This function calls:
		Nothing
 This function is called by:
		_INT0_ISR
 This function uses a non-reentrant model


 *************** function _TMR0_Reload *****************
 Defined at:
		line 77 in file "mcc_generated_files/tmr0.c"
 Parameters:    Size  Location     Type
		None
 Auto vars:     Size  Location     Type
		None
 Return value:  Size  Location     Type
                  1    wreg      void 
 Registers used:
		wreg, status,2
 Tracked objects:
		On entry : 
		On exit  : 
		Unchanged: 
 Data sizes:     COMRAM   BANK0   BANK1   BANK2   BANK3   BANK4   BANK5
      Params:         0       0       0       0       0       0       0
      Locals:         0       0       0       0       0       0       0
      Temps:          0       0       0       0       0       0       0
      Totals:         0       0       0       0       0       0       0
Total ram usage:        0 bytes
 Hardware stack levels used:    1
 This function calls:
		Nothing
 This function is called by:
		_INT0_ISR
 This function uses a non-reentrant model


 *************** function _TMR0_ReadTimer *****************
 Defined at:
		line 55 in file "mcc_generated_files/tmr0.c"
 Parameters:    Size  Location     Type
		None
 Auto vars:     Size  Location     Type
  readVal         2    6[COMRAM] unsigned int 
  readValHigh     1    9[COMRAM] unsigned char 
  readValLow      1    8[COMRAM] unsigned char 
 Return value:  Size  Location     Type
                  2    0[COMRAM] unsigned int 
 Registers used:
		wreg, status,2, status,0
 Tracked objects:
		On entry : 
		On exit  : 
		Unchanged: 
 Data sizes:     COMRAM   BANK0   BANK1   BANK2   BANK3   BANK4   BANK5
      Params:         2       0       0       0       0       0       0
      Locals:         4       0       0       0       0       0       0
      Temps:          4       0       0       0       0       0       0
      Totals:        10       0       0       0       0       0       0
Total ram usage:       10 bytes
 Hardware stack levels used:    1
 This function calls:
		Nothing
 This function is called by:
		_INT0_ISR
 This function uses a non-reentrant model



MODULE INFORMATION

Module		Function		Class		Link	Load	Size
C:\Program Files (x86)\Microchip\xc8\v1.38\sources\common\ftsub.c
		___ftsub       		CODE           	529E	0000	77

C:\Program Files (x86)\Microchip\xc8\v1.38\sources\common\ftsub.c estimated size: 77

C:\Program Files (x86)\Microchip\xc8\v1.38\sources\common\float.c
		___ftpack      		CODE           	45E0	0000	269

C:\Program Files (x86)\Microchip\xc8\v1.38\sources\common\float.c estimated size: 269

C:\Program Files (x86)\Microchip\xc8\v1.38\sources\common\awmod.c
		___awmod       		CODE           	4D52	0000	163

C:\Program Files (x86)\Microchip\xc8\v1.38\sources\common\awmod.c estimated size: 163

C:\Program Files (x86)\Microchip\xc8\v1.38\sources\common\ftdivl.c
		__tdiv_to_l_   		CODE           	3B18	0000	415

C:\Program Files (x86)\Microchip\xc8\v1.38\sources\common\ftdivl.c estimated size: 415

C:\Program Files (x86)\Microchip\xc8\v1.38\sources\common\llmod.c
		___llmod       		CODE           	4DF4	0000	155

C:\Program Files (x86)\Microchip\xc8\v1.38\sources\common\llmod.c estimated size: 155

C:\Program Files (x86)\Microchip\xc8\v1.38\sources\common\Umul16.c
		___wmul        		CODE           	5442	0000	55

C:\Program Files (x86)\Microchip\xc8\v1.38\sources\common\Umul16.c estimated size: 55

mcc_generated_files/interrupt_manager.c
		_INTERRUPT_Initialize		CODE           	5760	0000	5
		_INTERRUPT_InterruptManager		CODE           	0008	0000	141

mcc_generated_files/interrupt_manager.c estimated size: 146

mcc_generated_files/tmr0.c
		_TMR0_SetInterruptHandler		CODE           	573E	0000	11
		_TMR0_StopTimer		CODE           	5768	0000	5
		_TMR0_Reload   		CODE           	5732	0000	13
		_TMR0_DefaultInterruptHandler		CODE           	5684	0000	29
		_TMR0_StartTimer		CODE           	575C	0000	5
		_TMR0_ReadTimer		CODE           	53C0	0000	67
		_TMR0_ISR      		CODE           	5516	0000	51
		_TMR0_Initialize		CODE           	5332	0000	73

mcc_generated_files/tmr0.c estimated size: 254

C:\Program Files (x86)\Microchip\xc8\v1.38\sources\common\fldivl.c
		__div_to_l_    		CODE           	3CB6	0000	393

C:\Program Files (x86)\Microchip\xc8\v1.38\sources\common\fldivl.c estimated size: 393

C:\Program Files (x86)\Microchip\xc8\v1.38\sources\common\ftmul.c
		___ftmul       		CODE           	3E3E	0000	351

C:\Program Files (x86)\Microchip\xc8\v1.38\sources\common\ftmul.c estimated size: 351

mcc_generated_files/pin_manager.c
		_PIN_MANAGER_Initialize		CODE           	5578	0000	49

mcc_generated_files/pin_manager.c estimated size: 49

C:\Program Files (x86)\Microchip\xc8\v1.38\sources\common\printf.c
		_printf        		CODE           	54AE	0000	55

C:\Program Files (x86)\Microchip\xc8\v1.38\sources\common\printf.c estimated size: 55

C:\Program Files (x86)\Microchip\xc8\v1.38\sources\common\ftdiv.c
		___ftdiv       		CODE           	40F6	0000	333

C:\Program Files (x86)\Microchip\xc8\v1.38\sources\common\ftdiv.c estimated size: 333

C:\Program Files (x86)\Microchip\xc8\v1.38\sources\common\awdiv.c
		___awdiv       		CODE           	4A82	0000	191

C:\Program Files (x86)\Microchip\xc8\v1.38\sources\common\awdiv.c estimated size: 191

C:\Program Files (x86)\Microchip\xc8\v1.38\sources\common\lldiv.c
		___lldiv       		CODE           	4B40	0000	189

C:\Program Files (x86)\Microchip\xc8\v1.38\sources\common\lldiv.c estimated size: 189

mcc_generated_files/ext_int.c
		_INT0_SetInterruptHandler		CODE           	5748	0000	11
		_EXT_INT_Initialize		CODE           	56BA	0000	25
		_INT0_ISR      		CODE           	4CAA	0000	169

mcc_generated_files/ext_int.c estimated size: 205

C:\Program Files (x86)\Microchip\xc8\v1.38\sources\common\fttol.c
		___fttol       		CODE           	4242	0000	325

C:\Program Files (x86)\Microchip\xc8\v1.38\sources\common\fttol.c estimated size: 325

shared
		i2___ftneg     		CODE           	561E	0000	37
		i2_putch       		CODE           	5752	0000	11
		i2___ftadd     		CODE           	396C	0000	429
		i2___ftdiv     		CODE           	48D4	0000	231
		__powers_      		SMALLCONST     	0650	0000	40
		i2___fttol     		CODE           	47E0	0000	245
		i2_TMR0_StartTimer		CODE           	5764	0000	5
		_dpowers       		SMALLCONST     	0601	0000	41
		i2___ftge      		CODE           	4E8E	0000	145
		i2_isdigit     		CODE           	5666	0000	31
		i2___awdiv     		CODE           	4F1E	0000	133
		i2__tdiv_to_l_ 		CODE           	4386	0000	307
		i2___ftmul     		CODE           	46EC	0000	245
		i2___wmul      		CODE           	55F8	0000	39
		i2__doprnt     		CODE           	1898	0000	4317
		i2__div_to_l_  		CODE           	44B8	0000	297
		__npowers_     		SMALLCONST     	0629	0000	40
		i2___ftpack    		CODE           	4BFC	0000	175
		i2_scale       		CODE           	2E22	0000	1009
		i2___lldiv     		CODE           	4FA2	0000	131
		__initialization		CODE           	54E4	0000	37
		i2___lltoft    		CODE           	51F0	0000	93
		i2___ftsub     		CODE           	5402	0000	65
		i2___awmod     		CODE           	511A	0000	113
		i2_EUSART1_Write		CODE           	5726	0000	13
		i2___llmod     		CODE           	518A	0000	103
		i2_fround      		CODE           	3726	0000	583

shared estimated size: 8915

mcc_generated_files/eusart1.c
		_EUSART1_Initialize		CODE           	56D2	0000	23
		_putch         		CODE           	56E8	0000	21
		_EUSART1_Write 		CODE           	56FC	0000	15

mcc_generated_files/eusart1.c estimated size: 59

C:\Program Files (x86)\Microchip\xc8\v1.38\sources\common\lwtoft.c
		___lwtoft      		CODE           	5642	0000	37

C:\Program Files (x86)\Microchip\xc8\v1.38\sources\common\lwtoft.c estimated size: 37

mcc_generated_files/mcc.c
		_OSCILLATOR_Initialize		CODE           	5718	0000	15
		_SYSTEM_Initialize		CODE           	56A0	0000	27

mcc_generated_files/mcc.c estimated size: 42

C:\Program Files (x86)\Microchip\xc8\v1.38\sources\common\isdigit.c
		_isdigit       		CODE           	55A8	0000	43

C:\Program Files (x86)\Microchip\xc8\v1.38\sources\common\isdigit.c estimated size: 43

C:\Program Files (x86)\Microchip\xc8\v1.38\sources\common\ftadd.c
		___ftadd       		CODE           	34BE	0000	617

C:\Program Files (x86)\Microchip\xc8\v1.38\sources\common\ftadd.c estimated size: 617

lcd.c
		_lcd_sendChar  		CODE           	537A	0000	71
		_lcd_sendString		CODE           	52EA	0000	73
		_lcd_clear     		CODE           	570A	0000	15
		__lcd_Port     		CODE           	5478	0000	55
		_lcd_sendCommand		CODE           	55D2	0000	39
		_lcd_init      		CODE           	50A0	0000	123

lcd.c estimated size: 376

C:\Program Files (x86)\Microchip\xc8\v1.38\sources\common\doprnt.c
		_scale         		CODE           	2974	0000	1199
		_fround        		CODE           	3212	0000	685
		__doprnt       		CODE           	06C8	0000	4561

C:\Program Files (x86)\Microchip\xc8\v1.38\sources\common\doprnt.c estimated size: 6445

C:\Program Files (x86)\Microchip\xc8\v1.38\sources\common\lltoft.c
		___lltoft      		CODE           	5024	0000	125

C:\Program Files (x86)\Microchip\xc8\v1.38\sources\common\lltoft.c estimated size: 125

main.c
		_main          		CODE           	3F9C	0000	347

main.c estimated size: 347

C:\Program Files (x86)\Microchip\xc8\v1.38\sources\common\sprintf.c
		_sprintf       		CODE           	524C	0000	83

C:\Program Files (x86)\Microchip\xc8\v1.38\sources\common\sprintf.c estimated size: 83

C:\Program Files (x86)\Microchip\xc8\v1.38\sources\common\ftge.c
		___ftge        		CODE           	49BA	0000	201

C:\Program Files (x86)\Microchip\xc8\v1.38\sources\common\ftge.c estimated size: 201

C:\Program Files (x86)\Microchip\xc8\v1.38\sources\common\ftneg.c
		___ftneg       		CODE           	5548	0000	49

C:\Program Files (x86)\Microchip\xc8\v1.38\sources\common\ftneg.c estimated size: 49

